[2026-06-11 17:35:43] testing.ERROR: SQLSTATE[HY000]: General error: 1 no such table: users (Connection: sqlite, Database: :memory:, SQL: select count(*) as aggregate from "users" where "email" = test@example.com) {"exception":"[object] (Illuminate\\Database\\QueryException(code: HY000): SQLSTATE[HY000]: General error: 1 no such table: users (Connection: sqlite, Database: :memory:, SQL: select count(*) as aggregate from \"users\" where \"email\" = test@example.com) at D:/Kuliah/Cari Kerja/Porto/Portfolio 3/pss_newsite/vendor/laravel/framework/src/Illuminate/Database/Connection.php:841)
[stacktrace]
#0 D:/Kuliah/Cari Kerja/Porto/Portfolio 3/pss_newsite/vendor/laravel/framework/src/Illuminate/Database/Connection.php(797): Illuminate/Database/Connection->runQueryCallback()
#1 D:/Kuliah/Cari Kerja/Porto/Portfolio 3/pss_newsite/vendor/laravel/framework/src/Illuminate/Database/Connection.php(412): Illuminate/Database/Connection->run()
#2 D:/Kuliah/Cari Kerja/Porto/Portfolio 3/pss_newsite/vendor/laravel/framework/src/Illuminate/Database/Query/Builder.php(3562): Illuminate/Database/Connection->select()
#3 D:/Kuliah/Cari Kerja/Porto/Portfolio 3/pss_newsite/vendor/laravel/framework/src/Illuminate/Database/Query/Builder.php(3546): Illuminate/Database/Query/Builder->runSelect()
#4 D:/Kuliah/Cari Kerja/Porto/Portfolio 3/pss_newsite/vendor/laravel/framework/src/Illuminate/Database/Query/Builder.php(4062): Illuminate/Database/Query/Builder->get()
#5 D:/Kuliah/Cari Kerja/Porto/Portfolio 3/pss_newsite/vendor/laravel/framework/src/Illuminate/Database/Query/Builder.php(3990): Illuminate/Database/Query/Builder->aggregate()
#6 D:/Kuliah/Cari Kerja/Porto/Portfolio 3/pss_newsite/vendor/laravel/framework/src/Illuminate/Validation/DatabasePresenceVerifier.php(53): Illuminate/Database/Query/Builder->count()
#7 D:/Kuliah/Cari Kerja/Porto/Portfolio 3/pss_newsite/vendor/laravel/framework/src/Illuminate/Validation/Concerns/ValidatesAttributes.php(1089): Illuminate/Validation/DatabasePresenceVerifier->getCount()
#8 D:/Kuliah/Cari Kerja/Porto/Portfolio 3/pss_newsite/vendor/laravel/framework/src/Illuminate/Validation/Validator.php(728): Illuminate/Validation/Validator->validateUnique()
#9 D:/Kuliah/Cari Kerja/Porto/Portfolio 3/pss_newsite/vendor/laravel/framework/src/Illuminate/Validation/Validator.php(481): Illuminate/Validation/Validator->validateAttribute()
#10 D:/Kuliah/Cari Kerja/Porto/Portfolio 3/pss_newsite/vendor/laravel/framework/src/Illuminate/Validation/Validator.php(516): Illuminate/Validation/Validator->passes()
#11 D:/Kuliah/Cari Kerja/Porto/Portfolio 3/pss_newsite/vendor/laravel/framework/src/Illuminate/Validation/Validator.php(598): Illuminate/Validation/Validator->fails()
#12 D:/Kuliah/Cari Kerja/Porto/Portfolio 3/pss_newsite/app/Actions/Fortify/CreateNewUser.php(25): Illuminate/Validation/Validator->validate()
#13 D:/Kuliah/Cari Kerja/Porto/Portfolio 3/pss_newsite/vendor/laravel/fortify/src/Http/Controllers/RegisteredUserController.php(62): App/Actions/Fortify/CreateNewUser->create()
#14 D:/Kuliah/Cari Kerja/Porto/Portfolio 3/pss_newsite/vendor/laravel/framework/src/Illuminate/Routing/Controller.php(54): Laravel/Fortify/Http/Controllers/RegisteredUserController->store()
#15 D:/Kuliah/Cari Kerja/Porto/Portfolio 3/pss_newsite/vendor/laravel/framework/src/Illuminate/Routing/ControllerDispatcher.php(43): Illuminate/Routing/Controller->callAction()
#16 D:/Kuliah/Cari Kerja/Porto/Portfolio 3/pss_newsite/vendor/laravel/framework/src/Illuminate/Routing/Route.php(269): Illuminate/Routing/ControllerDispatcher->dispatch()
#17 D:/Kuliah/Cari Kerja/Porto/Portfolio 3/pss_newsite/vendor/laravel/framework/src/Illuminate/Routing/Route.php(215): Illuminate/Routing/Route->runController()
#18 D:/Kuliah/Cari Kerja/Porto/Portfolio 3/pss_newsite/vendor/laravel/framework/src/Illuminate/Routing/Router.php(822): Illuminate/Routing/Route->run()
#19 D:/Kuliah/Cari Kerja/Porto/Portfolio 3/pss_newsite/vendor/laravel/framework/src/Illuminate/Pipeline/Pipeline.php(180): Illuminate/Routing/Router->{closure:Illuminate/Routing/Router::runRouteWithinStack():821}()
#20 D:/Kuliah/Cari Kerja/Porto/Portfolio 3/pss_newsite/vendor/laravel/framework/src/Illuminate/Auth/Middleware/RedirectIfAuthenticated.php(47): Illuminate/Pipeline/Pipeline->{closure:Illuminate/Pipeline/Pipeline::prepareDestination():178}()
#21 D:/Kuliah/Cari Kerja/Porto/Portfolio 3/pss_newsite/vendor/laravel/framework/src/Illuminate/Pipeline/Pipeline.php(219): Illuminate/Auth/Middleware/RedirectIfAuthenticated->handle()
#22 D:/Kuliah/Cari Kerja/Porto/Portfolio 3/pss_newsite/vendor/laravel/framework/src/Illuminate/Http/Middleware/AddLinkHeadersForPreloadedAssets.php(32): Illuminate/Pipeline/Pipeline->{closure:{closure:Illuminate/Pipeline/Pipeline::carry():194}:195}()
#23 D:/Kuliah/Cari Kerja/Porto/Portfolio 3/pss_newsite/vendor/laravel/framework/src/Illuminate/Pipeline/Pipeline.php(219): Illuminate/Http/Middleware/AddLinkHeadersForPreloadedAssets->handle()
#24 D:/Kuliah/Cari Kerja/Porto/Portfolio 3/pss_newsite/vendor/inertiajs/inertia-laravel/src/Middleware.php(138): Illuminate/Pipeline/Pipeline->{closure:{closure:Illuminate/Pipeline/Pipeline::carry():194}:195}()
#25 D:/Kuliah/Cari Kerja/Porto/Portfolio 3/pss_newsite/vendor/laravel/framework/src/Illuminate/Pipeline/Pipeline.php(219): Inertia/Middleware->handle()
#26 D:/Kuliah/Cari Kerja/Porto/Portfolio 3/pss_newsite/app/Http/Middleware/HandleAppearance.php(21): Illuminate/Pipeline/Pipeline->{closure:{closure:Illuminate/Pipeline/Pipeline::carry():194}:195}()
#27 D:/Kuliah/Cari Kerja/Porto/Portfolio 3/pss_newsite/vendor/laravel/framework/src/Illuminate/Pipeline/Pipeline.php(219): App/Http/Middleware/HandleAppearance->handle()
#28 D:/Kuliah/Cari Kerja/Porto/Portfolio 3/pss_newsite/vendor/laravel/framework/src/Illuminate/Routing/Middleware/SubstituteBindings.php(52): Illuminate/Pipeline/Pipeline->{closure:{closure:Illuminate/Pipeline/Pipeline::carry():194}:195}()
#29 D:/Kuliah/Cari Kerja/Porto/Portfolio 3/pss_newsite/vendor/laravel/framework/src/Illuminate/Pipeline/Pipeline.php(219): Illuminate/Routing/Middleware/SubstituteBindings->handle()
#30 D:/Kuliah/Cari Kerja/Porto/Portfolio 3/pss_newsite/vendor/laravel/framework/src/Illuminate/Foundation/Http/Middleware/PreventRequestForgery.php(104): Illuminate/Pipeline/Pipeline->{closure:{closure:Illuminate/Pipeline/Pipeline::carry():194}:195}()
#31 D:/Kuliah/Cari Kerja/Porto/Portfolio 3/pss_newsite/vendor/laravel/framework/src/Illuminate/Pipeline/Pipeline.php(219): Illuminate/Foundation/Http/Middleware/PreventRequestForgery->handle()
#32 D:/Kuliah/Cari Kerja/Porto/Portfolio 3/pss_newsite/vendor/laravel/framework/src/Illuminate/View/Middleware/ShareErrorsFromSession.php(48): Illuminate/Pipeline/Pipeline->{closure:{closure:Illuminate/Pipeline/Pipeline::carry():194}:195}()
#33 D:/Kuliah/Cari Kerja/Porto/Portfolio 3/pss_newsite/vendor/laravel/framework/src/Illuminate/Pipeline/Pipeline.php(219): Illuminate/View/Middleware/ShareErrorsFromSession->handle()
#34 D:/Kuliah/Cari Kerja/Porto/Portfolio 3/pss_newsite/vendor/laravel/framework/src/Illuminate/Session/Middleware/StartSession.php(120): Illuminate/Pipeline/Pipeline->{closure:{closure:Illuminate/Pipeline/Pipeline::carry():194}:195}()
#35 D:/Kuliah/Cari Kerja/Porto/Portfolio 3/pss_newsite/vendor/laravel/framework/src/Illuminate/Session/Middleware/StartSession.php(63): Illuminate/Session/Middleware/StartSession->handleStatefulRequest()
#36 D:/Kuliah/Cari Kerja/Porto/Portfolio 3/pss_newsite/vendor/laravel/framework/src/Illuminate/Pipeline/Pipeline.php(219): Illuminate/Session/Middleware/StartSession->handle()
#37 D:/Kuliah/Cari Kerja/Porto/Portfolio 3/pss_newsite/vendor/laravel/framework/src/Illuminate/Cookie/Middleware/AddQueuedCookiesToResponse.php(36): Illuminate/Pipeline/Pipeline->{closure:{closure:Illuminate/Pipeline/Pipeline::carry():194}:195}()
#38 D:/Kuliah/Cari Kerja/Porto/Portfolio 3/pss_newsite/vendor/laravel/framework/src/Illuminate/Pipeline/Pipeline.php(219): Illuminate/Cookie/Middleware/AddQueuedCookiesToResponse->handle()
#39 D:/Kuliah/Cari Kerja/Porto/Portfolio 3/pss_newsite/vendor/laravel/framework/src/Illuminate/Cookie/Middleware/EncryptCookies.php(74): Illuminate/Pipeline/Pipeline->{closure:{closure:Illuminate/Pipeline/Pipeline::carry():194}:195}()
#40 D:/Kuliah/Cari Kerja/Porto/Portfolio 3/pss_newsite/vendor/laravel/framework/src/Illuminate/Pipeline/Pipeline.php(219): Illuminate/Cookie/Middleware/EncryptCookies->handle()
#41 D:/Kuliah/Cari Kerja/Porto/Portfolio 3/pss_newsite/vendor/laravel/framework/src/Illuminate/Pipeline/Pipeline.php(137): Illuminate/Pipeline/Pipeline->{closure:{closure:Illuminate/Pipeline/Pipeline::carry():194}:195}()
#42 D:/Kuliah/Cari Kerja/Porto/Portfolio 3/pss_newsite/vendor/laravel/framework/src/Illuminate/Routing/Router.php(821): Illuminate/Pipeline/Pipeline->then()
#43 D:/Kuliah/Cari Kerja/Porto/Portfolio 3/pss_newsite/vendor/laravel/framework/src/Illuminate/Routing/Router.php(800): Illuminate/Routing/Router->runRouteWithinStack()
#44 D:/Kuliah/Cari Kerja/Porto/Portfolio 3/pss_newsite/vendor/laravel/framework/src/Illuminate/Routing/Router.php(764): Illuminate/Routing/Router->runRoute()
#45 D:/Kuliah/Cari Kerja/Porto/Portfolio 3/pss_newsite/vendor/laravel/framework/src/Illuminate/Routing/Router.php(753): Illuminate/Routing/Router->dispatchToRoute()
#46 D:/Kuliah/Cari Kerja/Porto/Portfolio 3/pss_newsite/vendor/laravel/framework/src/Illuminate/Foundation/Http/Kernel.php(200): Illuminate/Routing/Router->dispatch()
#47 D:/Kuliah/Cari Kerja/Porto/Portfolio 3/pss_newsite/vendor/laravel/framework/src/Illuminate/Pipeline/Pipeline.php(180): Illuminate/Foundation/Http/Kernel->{closure:Illuminate/Foundation/Http/Kernel::dispatchToRouter():197}()
#48 D:/Kuliah/Cari Kerja/Porto/Portfolio 3/pss_newsite/vendor/inertiajs/inertia-laravel/src/Middleware/EnsureGetOnRedirect.php(19): Illuminate/Pipeline/Pipeline->{closure:Illuminate/Pipeline/Pipeline::prepareDestination():178}()
#49 D:/Kuliah/Cari Kerja/Porto/Portfolio 3/pss_newsite/vendor/laravel/framework/src/Illuminate/Pipeline/Pipeline.php(219): Inertia/Middleware/EnsureGetOnRedirect->handle()
#50 D:/Kuliah/Cari Kerja/Porto/Portfolio 3/pss_newsite/vendor/laravel/framework/src/Illuminate/Foundation/Http/Middleware/TransformsRequest.php(21): Illuminate/Pipeline/Pipeline->{closure:{closure:Illuminate/Pipeline/Pipeline::carry():194}:195}()
#51 D:/Kuliah/Cari Kerja/Porto/Portfolio 3/pss_newsite/vendor/laravel/framework/src/Illuminate/Foundation/Http/Middleware/ConvertEmptyStringsToNull.php(31): Illuminate/Foundation/Http/Middleware/TransformsRequest->handle()
#52 D:/Kuliah/Cari Kerja/Porto/Portfolio 3/pss_newsite/vendor/laravel/framework/src/Illuminate/Pipeline/Pipeline.php(219): Illuminate/Foundation/Http/Middleware/ConvertEmptyStringsToNull->handle()
#53 D:/Kuliah/Cari Kerja/Porto/Portfolio 3/pss_newsite/vendor/laravel/framework/src/Illuminate/Foundation/Http/Middleware/TransformsRequest.php(21): Illuminate/Pipeline/Pipeline->{closure:{closure:Illuminate/Pipeline/Pipeline::carry():194}:195}()
#54 D:/Kuliah/Cari Kerja/Porto/Portfolio 3/pss_newsite/vendor/laravel/framework/src/Illuminate/Foundation/Http/Middleware/TrimStrings.php(51): Illuminate/Foundation/Http/Middleware/TransformsRequest->handle()
#55 D:/Kuliah/Cari Kerja/Porto/Portfolio 3/pss_newsite/vendor/laravel/framework/src/Illuminate/Pipeline/Pipeline.php(219): Illuminate/Foundation/Http/Middleware/TrimStrings->handle()
#56 D:/Kuliah/Cari Kerja/Porto/Portfolio 3/pss_newsite/vendor/laravel/framework/src/Illuminate/Http/Middleware/ValidatePostSize.php(27): Illuminate/Pipeline/Pipeline->{closure:{closure:Illuminate/Pipeline/Pipeline::carry():194}:195}()
#57 D:/Kuliah/Cari Kerja/Porto/Portfolio 3/pss_newsite/vendor/laravel/framework/src/Illuminate/Pipeline/Pipeline.php(219): Illuminate/Http/Middleware/ValidatePostSize->handle()
#58 D:/Kuliah/Cari Kerja/Porto/Portfolio 3/pss_newsite/vendor/laravel/framework/src/Illuminate/Foundation/Http/Middleware/PreventRequestsDuringMaintenance.php(109): Illuminate/Pipeline/Pipeline->{closure:{closure:Illuminate/Pipeline/Pipeline::carry():194}:195}()
#59 D:/Kuliah/Cari Kerja/Porto/Portfolio 3/pss_newsite/vendor/laravel/framework/src/Illuminate/Pipeline/Pipeline.php(219): Illuminate/Foundation/Http/Middleware/PreventRequestsDuringMaintenance->handle()
#60 D:/Kuliah/Cari Kerja/Porto/Portfolio 3/pss_newsite/vendor/laravel/framework/src/Illuminate/Http/Middleware/HandleCors.php(61): Illuminate/Pipeline/Pipeline->{closure:{closure:Illuminate/Pipeline/Pipeline::carry():194}:195}()
#61 D:/Kuliah/Cari Kerja/Porto/Portfolio 3/pss_newsite/vendor/laravel/framework/src/Illuminate/Pipeline/Pipeline.php(219): Illuminate/Http/Middleware/HandleCors->handle()
#62 D:/Kuliah/Cari Kerja/Porto/Portfolio 3/pss_newsite/vendor/laravel/framework/src/Illuminate/Http/Middleware/TrustProxies.php(58): Illuminate/Pipeline/Pipeline->{closure:{closure:Illuminate/Pipeline/Pipeline::carry():194}:195}()
#63 D:/Kuliah/Cari Kerja/Porto/Portfolio 3/pss_newsite/vendor/laravel/framework/src/Illuminate/Pipeline/Pipeline.php(219): Illuminate/Http/Middleware/TrustProxies->handle()
#64 D:/Kuliah/Cari Kerja/Porto/Portfolio 3/pss_newsite/vendor/laravel/framework/src/Illuminate/Foundation/Http/Middleware/InvokeDeferredCallbacks.php(22): Illuminate/Pipeline/Pipeline->{closure:{closure:Illuminate/Pipeline/Pipeline::carry():194}:195}()
#65 D:/Kuliah/Cari Kerja/Porto/Portfolio 3/pss_newsite/vendor/laravel/framework/src/Illuminate/Pipeline/Pipeline.php(219): Illuminate/Foundation/Http/Middleware/InvokeDeferredCallbacks->handle()
#66 D:/Kuliah/Cari Kerja/Porto/Portfolio 3/pss_newsite/vendor/laravel/framework/src/Illuminate/Http/Middleware/ValidatePathEncoding.php(28): Illuminate/Pipeline/Pipeline->{closure:{closure:Illuminate/Pipeline/Pipeline::carry():194}:195}()
#67 D:/Kuliah/Cari Kerja/Porto/Portfolio 3/pss_newsite/vendor/laravel/framework/src/Illuminate/Pipeline/Pipeline.php(219): Illuminate/Http/Middleware/ValidatePathEncoding->handle()
#68 D:/Kuliah/Cari Kerja/Porto/Portfolio 3/pss_newsite/vendor/laravel/framework/src/Illuminate/Pipeline/Pipeline.php(137): Illuminate/Pipeline/Pipeline->{closure:{closure:Illuminate/Pipeline/Pipeline::carry():194}:195}()
#69 D:/Kuliah/Cari Kerja/Porto/Portfolio 3/pss_newsite/vendor/laravel/framework/src/Illuminate/Foundation/Http/Kernel.php(175): Illuminate/Pipeline/Pipeline->then()
#70 D:/Kuliah/Cari Kerja/Porto/Portfolio 3/pss_newsite/vendor/laravel/framework/src/Illuminate/Foundation/Http/Kernel.php(144): Illuminate/Foundation/Http/Kernel->sendRequestThroughRouter()
#71 D:/Kuliah/Cari Kerja/Porto/Portfolio 3/pss_newsite/vendor/laravel/framework/src/Illuminate/Foundation/Testing/Concerns/MakesHttpRequests.php(607): Illuminate/Foundation/Http/Kernel->handle()
#72 D:/Kuliah/Cari Kerja/Porto/Portfolio 3/pss_newsite/vendor/laravel/framework/src/Illuminate/Foundation/Testing/Concerns/MakesHttpRequests.php(397): Illuminate/Foundation/Testing/TestCase->call()
#73 D:/Kuliah/Cari Kerja/Porto/Portfolio 3/pss_newsite/tests/Feature/Auth/RegistrationTest.php(16): Illuminate/Foundation/Testing/TestCase->post()
#74 D:/Kuliah/Cari Kerja/Porto/Portfolio 3/pss_newsite/vendor/pestphp/pest/src/Factories/TestCaseMethodFactory.php(177): P/Tests/Feature/Auth/RegistrationTest->{closure:D:/Kuliah/Cari Kerja/Porto/Portfolio 3/pss_newsite/tests/Feature/Auth/RegistrationTest.php:15}()
#75 [internal function]: P/Tests/Feature/Auth/RegistrationTest->{closure:Pest/Factories/TestCaseMethodFactory::getClosure():167}()
#76 D:/Kuliah/Cari Kerja/Porto/Portfolio 3/pss_newsite/vendor/pestphp/pest/src/Concerns/Testable.php(509): call_user_func_array()
#77 D:/Kuliah/Cari Kerja/Porto/Portfolio 3/pss_newsite/vendor/pestphp/pest/src/Support/ExceptionTrace.php(26): P/Tests/Feature/Auth/RegistrationTest->{closure:Pest/Concerns/Testable::__callClosure():509}()
#78 D:/Kuliah/Cari Kerja/Porto/Portfolio 3/pss_newsite/vendor/pestphp/pest/src/Concerns/Testable.php(509): Pest/Support/ExceptionTrace::ensure()
#79 D:/Kuliah/Cari Kerja/Porto/Portfolio 3/pss_newsite/vendor/pestphp/pest/src/Concerns/Testable.php(336): P/Tests/Feature/Auth/RegistrationTest->__callClosure()
#80 D:/Kuliah/Cari Kerja/Porto/Portfolio 3/pss_newsite/vendor/pestphp/pest/src/Factories/TestCaseFactory.php(175) : eval()'d code(26): P/Tests/Feature/Auth/RegistrationTest->__runTest()
#81 D:/Kuliah/Cari Kerja/Porto/Portfolio 3/pss_newsite/vendor/phpunit/phpunit/src/Framework/TestCase.php(1335): P/Tests/Feature/Auth/RegistrationTest->__pest_evaluable_new_users_can_register()
#82 D:/Kuliah/Cari Kerja/Porto/Portfolio 3/pss_newsite/vendor/phpunit/phpunit/src/Framework/TestCase.php(519): PHPUnit/Framework/TestCase->runTest()
#83 D:/Kuliah/Cari Kerja/Porto/Portfolio 3/pss_newsite/vendor/phpunit/phpunit/src/Framework/TestRunner/TestRunner.php(99): PHPUnit/Framework/TestCase->runBare()
#84 D:/Kuliah/Cari Kerja/Porto/Portfolio 3/pss_newsite/vendor/phpunit/phpunit/src/Framework/TestCase.php(359): PHPUnit/Framework/TestRunner->run()
#85 D:/Kuliah/Cari Kerja/Porto/Portfolio 3/pss_newsite/vendor/phpunit/phpunit/src/Framework/TestSuite.php(374): PHPUnit/Framework/TestCase->run()
#86 D:/Kuliah/Cari Kerja/Porto/Portfolio 3/pss_newsite/vendor/phpunit/phpunit/src/Framework/TestSuite.php(374): PHPUnit/Framework/TestSuite->run()
#87 D:/Kuliah/Cari Kerja/Porto/Portfolio 3/pss_newsite/vendor/phpunit/phpunit/src/Framework/TestSuite.php(374): PHPUnit/Framework/TestSuite->run()
#88 D:/Kuliah/Cari Kerja/Porto/Portfolio 3/pss_newsite/vendor/phpunit/phpunit/src/TextUI/TestRunner.php(64): PHPUnit/Framework/TestSuite->run()
#89 D:/Kuliah/Cari Kerja/Porto/Portfolio 3/pss_newsite/vendor/phpunit/phpunit/src/TextUI/Application.php(229): PHPUnit/TextUI/TestRunner->run()
#90 D:/Kuliah/Cari Kerja/Porto/Portfolio 3/pss_newsite/vendor/pestphp/pest/src/Kernel.php(103): PHPUnit/TextUI/Application->run()
#91 D:/Kuliah/Cari Kerja/Porto/Portfolio 3/pss_newsite/vendor/pestphp/pest/bin/pest(195): Pest/Kernel->handle()
#92 D:/Kuliah/Cari Kerja/Porto/Portfolio 3/pss_newsite/vendor/pestphp/pest/bin/pest(203): {closure:D:/Kuliah/Cari Kerja/Porto/Portfolio 3/pss_newsite/vendor/pestphp/pest/bin/pest:19}()
#93 {main}
[previous exception] [object] (PDOException(code: HY000): SQLSTATE[HY000]: General error: 1 no such table: users at D:/Kuliah/Cari Kerja/Porto/Portfolio 3/pss_newsite/vendor/laravel/framework/src/Illuminate/Database/Connection.php:421)
[stacktrace]
#0 D:/Kuliah/Cari Kerja/Porto/Portfolio 3/pss_newsite/vendor/laravel/framework/src/Illuminate/Database/Connection.php(421): PDO->prepare()
#1 D:/Kuliah/Cari Kerja/Porto/Portfolio 3/pss_newsite/vendor/laravel/framework/src/Illuminate/Database/Connection.php(830): Illuminate/Database/Connection->{closure:Illuminate/Database/Connection::select():412}()
#2 D:/Kuliah/Cari Kerja/Porto/Portfolio 3/pss_newsite/vendor/laravel/framework/src/Illuminate/Database/Connection.php(797): Illuminate/Database/Connection->runQueryCallback()
#3 D:/Kuliah/Cari Kerja/Porto/Portfolio 3/pss_newsite/vendor/laravel/framework/src/Illuminate/Database/Connection.php(412): Illuminate/Database/Connection->run()
#4 D:/Kuliah/Cari Kerja/Porto/Portfolio 3/pss_newsite/vendor/laravel/framework/src/Illuminate/Database/Query/Builder.php(3562): Illuminate/Database/Connection->select()
#5 D:/Kuliah/Cari Kerja/Porto/Portfolio 3/pss_newsite/vendor/laravel/framework/src/Illuminate/Database/Query/Builder.php(3546): Illuminate/Database/Query/Builder->runSelect()
#6 D:/Kuliah/Cari Kerja/Porto/Portfolio 3/pss_newsite/vendor/laravel/framework/src/Illuminate/Database/Query/Builder.php(4062): Illuminate/Database/Query/Builder->get()
#7 D:/Kuliah/Cari Kerja/Porto/Portfolio 3/pss_newsite/vendor/laravel/framework/src/Illuminate/Database/Query/Builder.php(3990): Illuminate/Database/Query/Builder->aggregate()
#8 D:/Kuliah/Cari Kerja/Porto/Portfolio 3/pss_newsite/vendor/laravel/framework/src/Illuminate/Validation/DatabasePresenceVerifier.php(53): Illuminate/Database/Query/Builder->count()
#9 D:/Kuliah/Cari Kerja/Porto/Portfolio 3/pss_newsite/vendor/laravel/framework/src/Illuminate/Validation/Concerns/ValidatesAttributes.php(1089): Illuminate/Validation/DatabasePresenceVerifier->getCount()
#10 D:/Kuliah/Cari Kerja/Porto/Portfolio 3/pss_newsite/vendor/laravel/framework/src/Illuminate/Validation/Validator.php(728): Illuminate/Validation/Validator->validateUnique()
#11 D:/Kuliah/Cari Kerja/Porto/Portfolio 3/pss_newsite/vendor/laravel/framework/src/Illuminate/Validation/Validator.php(481): Illuminate/Validation/Validator->validateAttribute()
#12 D:/Kuliah/Cari Kerja/Porto/Portfolio 3/pss_newsite/vendor/laravel/framework/src/Illuminate/Validation/Validator.php(516): Illuminate/Validation/Validator->passes()
#13 D:/Kuliah/Cari Kerja/Porto/Portfolio 3/pss_newsite/vendor/laravel/framework/src/Illuminate/Validation/Validator.php(598): Illuminate/Validation/Validator->fails()
#14 D:/Kuliah/Cari Kerja/Porto/Portfolio 3/pss_newsite/app/Actions/Fortify/CreateNewUser.php(25): Illuminate/Validation/Validator->validate()
#15 D:/Kuliah/Cari Kerja/Porto/Portfolio 3/pss_newsite/vendor/laravel/fortify/src/Http/Controllers/RegisteredUserController.php(62): App/Actions/Fortify/CreateNewUser->create()
#16 D:/Kuliah/Cari Kerja/Porto/Portfolio 3/pss_newsite/vendor/laravel/framework/src/Illuminate/Routing/Controller.php(54): Laravel/Fortify/Http/Controllers/RegisteredUserController->store()
#17 D:/Kuliah/Cari Kerja/Porto/Portfolio 3/pss_newsite/vendor/laravel/framework/src/Illuminate/Routing/ControllerDispatcher.php(43): Illuminate/Routing/Controller->callAction()
#18 D:/Kuliah/Cari Kerja/Porto/Portfolio 3/pss_newsite/vendor/laravel/framework/src/Illuminate/Routing/Route.php(269): Illuminate/Routing/ControllerDispatcher->dispatch()
#19 D:/Kuliah/Cari Kerja/Porto/Portfolio 3/pss_newsite/vendor/laravel/framework/src/Illuminate/Routing/Route.php(215): Illuminate/Routing/Route->runController()
#20 D:/Kuliah/Cari Kerja/Porto/Portfolio 3/pss_newsite/vendor/laravel/framework/src/Illuminate/Routing/Router.php(822): Illuminate/Routing/Route->run()
#21 D:/Kuliah/Cari Kerja/Porto/Portfolio 3/pss_newsite/vendor/laravel/framework/src/Illuminate/Pipeline/Pipeline.php(180): Illuminate/Routing/Router->{closure:Illuminate/Routing/Router::runRouteWithinStack():821}()
#22 D:/Kuliah/Cari Kerja/Porto/Portfolio 3/pss_newsite/vendor/laravel/framework/src/Illuminate/Auth/Middleware/RedirectIfAuthenticated.php(47): Illuminate/Pipeline/Pipeline->{closure:Illuminate/Pipeline/Pipeline::prepareDestination():178}()
#23 D:/Kuliah/Cari Kerja/Porto/Portfolio 3/pss_newsite/vendor/laravel/framework/src/Illuminate/Pipeline/Pipeline.php(219): Illuminate/Auth/Middleware/RedirectIfAuthenticated->handle()
#24 D:/Kuliah/Cari Kerja/Porto/Portfolio 3/pss_newsite/vendor/laravel/framework/src/Illuminate/Http/Middleware/AddLinkHeadersForPreloadedAssets.php(32): Illuminate/Pipeline/Pipeline->{closure:{closure:Illuminate/Pipeline/Pipeline::carry():194}:195}()
#25 D:/Kuliah/Cari Kerja/Porto/Portfolio 3/pss_newsite/vendor/laravel/framework/src/Illuminate/Pipeline/Pipeline.php(219): Illuminate/Http/Middleware/AddLinkHeadersForPreloadedAssets->handle()
#26 D:/Kuliah/Cari Kerja/Porto/Portfolio 3/pss_newsite/vendor/inertiajs/inertia-laravel/src/Middleware.php(138): Illuminate/Pipeline/Pipeline->{closure:{closure:Illuminate/Pipeline/Pipeline::carry():194}:195}()
#27 D:/Kuliah/Cari Kerja/Porto/Portfolio 3/pss_newsite/vendor/laravel/framework/src/Illuminate/Pipeline/Pipeline.php(219): Inertia/Middleware->handle()
#28 D:/Kuliah/Cari Kerja/Porto/Portfolio 3/pss_newsite/app/Http/Middleware/HandleAppearance.php(21): Illuminate/Pipeline/Pipeline->{closure:{closure:Illuminate/Pipeline/Pipeline::carry():194}:195}()
#29 D:/Kuliah/Cari Kerja/Porto/Portfolio 3/pss_newsite/vendor/laravel/framework/src/Illuminate/Pipeline/Pipeline.php(219): App/Http/Middleware/HandleAppearance->handle()
#30 D:/Kuliah/Cari Kerja/Porto/Portfolio 3/pss_newsite/vendor/laravel/framework/src/Illuminate/Routing/Middleware/SubstituteBindings.php(52): Illuminate/Pipeline/Pipeline->{closure:{closure:Illuminate/Pipeline/Pipeline::carry():194}:195}()
#31 D:/Kuliah/Cari Kerja/Porto/Portfolio 3/pss_newsite/vendor/laravel/framework/src/Illuminate/Pipeline/Pipeline.php(219): Illuminate/Routing/Middleware/SubstituteBindings->handle()
#32 D:/Kuliah/Cari Kerja/Porto/Portfolio 3/pss_newsite/vendor/laravel/framework/src/Illuminate/Foundation/Http/Middleware/PreventRequestForgery.php(104): Illuminate/Pipeline/Pipeline->{closure:{closure:Illuminate/Pipeline/Pipeline::carry():194}:195}()
#33 D:/Kuliah/Cari Kerja/Porto/Portfolio 3/pss_newsite/vendor/laravel/framework/src/Illuminate/Pipeline/Pipeline.php(219): Illuminate/Foundation/Http/Middleware/PreventRequestForgery->handle()
#34 D:/Kuliah/Cari Kerja/Porto/Portfolio 3/pss_newsite/vendor/laravel/framework/src/Illuminate/View/Middleware/ShareErrorsFromSession.php(48): Illuminate/Pipeline/Pipeline->{closure:{closure:Illuminate/Pipeline/Pipeline::carry():194}:195}()
#35 D:/Kuliah/Cari Kerja/Porto/Portfolio 3/pss_newsite/vendor/laravel/framework/src/Illuminate/Pipeline/Pipeline.php(219): Illuminate/View/Middleware/ShareErrorsFromSession->handle()
#36 D:/Kuliah/Cari Kerja/Porto/Portfolio 3/pss_newsite/vendor/laravel/framework/src/Illuminate/Session/Middleware/StartSession.php(120): Illuminate/Pipeline/Pipeline->{closure:{closure:Illuminate/Pipeline/Pipeline::carry():194}:195}()
#37 D:/Kuliah/Cari Kerja/Porto/Portfolio 3/pss_newsite/vendor/laravel/framework/src/Illuminate/Session/Middleware/StartSession.php(63): Illuminate/Session/Middleware/StartSession->handleStatefulRequest()
#38 D:/Kuliah/Cari Kerja/Porto/Portfolio 3/pss_newsite/vendor/laravel/framework/src/Illuminate/Pipeline/Pipeline.php(219): Illuminate/Session/Middleware/StartSession->handle()
#39 D:/Kuliah/Cari Kerja/Porto/Portfolio 3/pss_newsite/vendor/laravel/framework/src/Illuminate/Cookie/Middleware/AddQueuedCookiesToResponse.php(36): Illuminate/Pipeline/Pipeline->{closure:{closure:Illuminate/Pipeline/Pipeline::carry():194}:195}()
#40 D:/Kuliah/Cari Kerja/Porto/Portfolio 3/pss_newsite/vendor/laravel/framework/src/Illuminate/Pipeline/Pipeline.php(219): Illuminate/Cookie/Middleware/AddQueuedCookiesToResponse->handle()
#41 D:/Kuliah/Cari Kerja/Porto/Portfolio 3/pss_newsite/vendor/laravel/framework/src/Illuminate/Cookie/Middleware/EncryptCookies.php(74): Illuminate/Pipeline/Pipeline->{closure:{closure:Illuminate/Pipeline/Pipeline::carry():194}:195}()
#42 D:/Kuliah/Cari Kerja/Porto/Portfolio 3/pss_newsite/vendor/laravel/framework/src/Illuminate/Pipeline/Pipeline.php(219): Illuminate/Cookie/Middleware/EncryptCookies->handle()
#43 D:/Kuliah/Cari Kerja/Porto/Portfolio 3/pss_newsite/vendor/laravel/framework/src/Illuminate/Pipeline/Pipeline.php(137): Illuminate/Pipeline/Pipeline->{closure:{closure:Illuminate/Pipeline/Pipeline::carry():194}:195}()
#44 D:/Kuliah/Cari Kerja/Porto/Portfolio 3/pss_newsite/vendor/laravel/framework/src/Illuminate/Routing/Router.php(821): Illuminate/Pipeline/Pipeline->then()
#45 D:/Kuliah/Cari Kerja/Porto/Portfolio 3/pss_newsite/vendor/laravel/framework/src/Illuminate/Routing/Router.php(800): Illuminate/Routing/Router->runRouteWithinStack()
#46 D:/Kuliah/Cari Kerja/Porto/Portfolio 3/pss_newsite/vendor/laravel/framework/src/Illuminate/Routing/Router.php(764): Illuminate/Routing/Router->runRoute()
#47 D:/Kuliah/Cari Kerja/Porto/Portfolio 3/pss_newsite/vendor/laravel/framework/src/Illuminate/Routing/Router.php(753): Illuminate/Routing/Router->dispatchToRoute()
#48 D:/Kuliah/Cari Kerja/Porto/Portfolio 3/pss_newsite/vendor/laravel/framework/src/Illuminate/Foundation/Http/Kernel.php(200): Illuminate/Routing/Router->dispatch()
#49 D:/Kuliah/Cari Kerja/Porto/Portfolio 3/pss_newsite/vendor/laravel/framework/src/Illuminate/Pipeline/Pipeline.php(180): Illuminate/Foundation/Http/Kernel->{closure:Illuminate/Foundation/Http/Kernel::dispatchToRouter():197}()
#50 D:/Kuliah/Cari Kerja/Porto/Portfolio 3/pss_newsite/vendor/inertiajs/inertia-laravel/src/Middleware/EnsureGetOnRedirect.php(19): Illuminate/Pipeline/Pipeline->{closure:Illuminate/Pipeline/Pipeline::prepareDestination():178}()
#51 D:/Kuliah/Cari Kerja/Porto/Portfolio 3/pss_newsite/vendor/laravel/framework/src/Illuminate/Pipeline/Pipeline.php(219): Inertia/Middleware/EnsureGetOnRedirect->handle()
#52 D:/Kuliah/Cari Kerja/Porto/Portfolio 3/pss_newsite/vendor/laravel/framework/src/Illuminate/Foundation/Http/Middleware/TransformsRequest.php(21): Illuminate/Pipeline/Pipeline->{closure:{closure:Illuminate/Pipeline/Pipeline::carry():194}:195}()
#53 D:/Kuliah/Cari Kerja/Porto/Portfolio 3/pss_newsite/vendor/laravel/framework/src/Illuminate/Foundation/Http/Middleware/ConvertEmptyStringsToNull.php(31): Illuminate/Foundation/Http/Middleware/TransformsRequest->handle()
#54 D:/Kuliah/Cari Kerja/Porto/Portfolio 3/pss_newsite/vendor/laravel/framework/src/Illuminate/Pipeline/Pipeline.php(219): Illuminate/Foundation/Http/Middleware/ConvertEmptyStringsToNull->handle()
#55 D:/Kuliah/Cari Kerja/Porto/Portfolio 3/pss_newsite/vendor/laravel/framework/src/Illuminate/Foundation/Http/Middleware/TransformsRequest.php(21): Illuminate/Pipeline/Pipeline->{closure:{closure:Illuminate/Pipeline/Pipeline::carry():194}:195}()
#56 D:/Kuliah/Cari Kerja/Porto/Portfolio 3/pss_newsite/vendor/laravel/framework/src/Illuminate/Foundation/Http/Middleware/TrimStrings.php(51): Illuminate/Foundation/Http/Middleware/TransformsRequest->handle()
#57 D:/Kuliah/Cari Kerja/Porto/Portfolio 3/pss_newsite/vendor/laravel/framework/src/Illuminate/Pipeline/Pipeline.php(219): Illuminate/Foundation/Http/Middleware/TrimStrings->handle()
#58 D:/Kuliah/Cari Kerja/Porto/Portfolio 3/pss_newsite/vendor/laravel/framework/src/Illuminate/Http/Middleware/ValidatePostSize.php(27): Illuminate/Pipeline/Pipeline->{closure:{closure:Illuminate/Pipeline/Pipeline::carry():194}:195}()
#59 D:/Kuliah/Cari Kerja/Porto/Portfolio 3/pss_newsite/vendor/laravel/framework/src/Illuminate/Pipeline/Pipeline.php(219): Illuminate/Http/Middleware/ValidatePostSize->handle()
#60 D:/Kuliah/Cari Kerja/Porto/Portfolio 3/pss_newsite/vendor/laravel/framework/src/Illuminate/Foundation/Http/Middleware/PreventRequestsDuringMaintenance.php(109): Illuminate/Pipeline/Pipeline->{closure:{closure:Illuminate/Pipeline/Pipeline::carry():194}:195}()
#61 D:/Kuliah/Cari Kerja/Porto/Portfolio 3/pss_newsite/vendor/laravel/framework/src/Illuminate/Pipeline/Pipeline.php(219): Illuminate/Foundation/Http/Middleware/PreventRequestsDuringMaintenance->handle()
#62 D:/Kuliah/Cari Kerja/Porto/Portfolio 3/pss_newsite/vendor/laravel/framework/src/Illuminate/Http/Middleware/HandleCors.php(61): Illuminate/Pipeline/Pipeline->{closure:{closure:Illuminate/Pipeline/Pipeline::carry():194}:195}()
#63 D:/Kuliah/Cari Kerja/Porto/Portfolio 3/pss_newsite/vendor/laravel/framework/src/Illuminate/Pipeline/Pipeline.php(219): Illuminate/Http/Middleware/HandleCors->handle()
#64 D:/Kuliah/Cari Kerja/Porto/Portfolio 3/pss_newsite/vendor/laravel/framework/src/Illuminate/Http/Middleware/TrustProxies.php(58): Illuminate/Pipeline/Pipeline->{closure:{closure:Illuminate/Pipeline/Pipeline::carry():194}:195}()
#65 D:/Kuliah/Cari Kerja/Porto/Portfolio 3/pss_newsite/vendor/laravel/framework/src/Illuminate/Pipeline/Pipeline.php(219): Illuminate/Http/Middleware/TrustProxies->handle()
#66 D:/Kuliah/Cari Kerja/Porto/Portfolio 3/pss_newsite/vendor/laravel/framework/src/Illuminate/Foundation/Http/Middleware/InvokeDeferredCallbacks.php(22): Illuminate/Pipeline/Pipeline->{closure:{closure:Illuminate/Pipeline/Pipeline::carry():194}:195}()
#67 D:/Kuliah/Cari Kerja/Porto/Portfolio 3/pss_newsite/vendor/laravel/framework/src/Illuminate/Pipeline/Pipeline.php(219): Illuminate/Foundation/Http/Middleware/InvokeDeferredCallbacks->handle()
#68 D:/Kuliah/Cari Kerja/Porto/Portfolio 3/pss_newsite/vendor/laravel/framework/src/Illuminate/Http/Middleware/ValidatePathEncoding.php(28): Illuminate/Pipeline/Pipeline->{closure:{closure:Illuminate/Pipeline/Pipeline::carry():194}:195}()
#69 D:/Kuliah/Cari Kerja/Porto/Portfolio 3/pss_newsite/vendor/laravel/framework/src/Illuminate/Pipeline/Pipeline.php(219): Illuminate/Http/Middleware/ValidatePathEncoding->handle()
#70 D:/Kuliah/Cari Kerja/Porto/Portfolio 3/pss_newsite/vendor/laravel/framework/src/Illuminate/Pipeline/Pipeline.php(137): Illuminate/Pipeline/Pipeline->{closure:{closure:Illuminate/Pipeline/Pipeline::carry():194}:195}()
#71 D:/Kuliah/Cari Kerja/Porto/Portfolio 3/pss_newsite/vendor/laravel/framework/src/Illuminate/Foundation/Http/Kernel.php(175): Illuminate/Pipeline/Pipeline->then()
#72 D:/Kuliah/Cari Kerja/Porto/Portfolio 3/pss_newsite/vendor/laravel/framework/src/Illuminate/Foundation/Http/Kernel.php(144): Illuminate/Foundation/Http/Kernel->sendRequestThroughRouter()
#73 D:/Kuliah/Cari Kerja/Porto/Portfolio 3/pss_newsite/vendor/laravel/framework/src/Illuminate/Foundation/Testing/Concerns/MakesHttpRequests.php(607): Illuminate/Foundation/Http/Kernel->handle()
#74 D:/Kuliah/Cari Kerja/Porto/Portfolio 3/pss_newsite/vendor/laravel/framework/src/Illuminate/Foundation/Testing/Concerns/MakesHttpRequests.php(397): Illuminate/Foundation/Testing/TestCase->call()
#75 D:/Kuliah/Cari Kerja/Porto/Portfolio 3/pss_newsite/tests/Feature/Auth/RegistrationTest.php(16): Illuminate/Foundation/Testing/TestCase->post()
#76 D:/Kuliah/Cari Kerja/Porto/Portfolio 3/pss_newsite/vendor/pestphp/pest/src/Factories/TestCaseMethodFactory.php(177): P/Tests/Feature/Auth/RegistrationTest->{closure:D:/Kuliah/Cari Kerja/Porto/Portfolio 3/pss_newsite/tests/Feature/Auth/RegistrationTest.php:15}()
#77 [internal function]: P/Tests/Feature/Auth/RegistrationTest->{closure:Pest/Factories/TestCaseMethodFactory::getClosure():167}()
#78 D:/Kuliah/Cari Kerja/Porto/Portfolio 3/pss_newsite/vendor/pestphp/pest/src/Concerns/Testable.php(509): call_user_func_array()
#79 D:/Kuliah/Cari Kerja/Porto/Portfolio 3/pss_newsite/vendor/pestphp/pest/src/Support/ExceptionTrace.php(26): P/Tests/Feature/Auth/RegistrationTest->{closure:Pest/Concerns/Testable::__callClosure():509}()
#80 D:/Kuliah/Cari Kerja/Porto/Portfolio 3/pss_newsite/vendor/pestphp/pest/src/Concerns/Testable.php(509): Pest/Support/ExceptionTrace::ensure()
#81 D:/Kuliah/Cari Kerja/Porto/Portfolio 3/pss_newsite/vendor/pestphp/pest/src/Concerns/Testable.php(336): P/Tests/Feature/Auth/RegistrationTest->__callClosure()
#82 D:/Kuliah/Cari Kerja/Porto/Portfolio 3/pss_newsite/vendor/pestphp/pest/src/Factories/TestCaseFactory.php(175) : eval()'d code(26): P/Tests/Feature/Auth/RegistrationTest->__runTest()
#83 D:/Kuliah/Cari Kerja/Porto/Portfolio 3/pss_newsite/vendor/phpunit/phpunit/src/Framework/TestCase.php(1335): P/Tests/Feature/Auth/RegistrationTest->__pest_evaluable_new_users_can_register()
#84 D:/Kuliah/Cari Kerja/Porto/Portfolio 3/pss_newsite/vendor/phpunit/phpunit/src/Framework/TestCase.php(519): PHPUnit/Framework/TestCase->runTest()
#85 D:/Kuliah/Cari Kerja/Porto/Portfolio 3/pss_newsite/vendor/phpunit/phpunit/src/Framework/TestRunner/TestRunner.php(99): PHPUnit/Framework/TestCase->runBare()
#86 D:/Kuliah/Cari Kerja/Porto/Portfolio 3/pss_newsite/vendor/phpunit/phpunit/src/Framework/TestCase.php(359): PHPUnit/Framework/TestRunner->run()
#87 D:/Kuliah/Cari Kerja/Porto/Portfolio 3/pss_newsite/vendor/phpunit/phpunit/src/Framework/TestSuite.php(374): PHPUnit/Framework/TestCase->run()
#88 D:/Kuliah/Cari Kerja/Porto/Portfolio 3/pss_newsite/vendor/phpunit/phpunit/src/Framework/TestSuite.php(374): PHPUnit/Framework/TestSuite->run()
#89 D:/Kuliah/Cari Kerja/Porto/Portfolio 3/pss_newsite/vendor/phpunit/phpunit/src/Framework/TestSuite.php(374): PHPUnit/Framework/TestSuite->run()
#90 D:/Kuliah/Cari Kerja/Porto/Portfolio 3/pss_newsite/vendor/phpunit/phpunit/src/TextUI/TestRunner.php(64): PHPUnit/Framework/TestSuite->run()
#91 D:/Kuliah/Cari Kerja/Porto/Portfolio 3/pss_newsite/vendor/phpunit/phpunit/src/TextUI/Application.php(229): PHPUnit/TextUI/TestRunner->run()
#92 D:/Kuliah/Cari Kerja/Porto/Portfolio 3/pss_newsite/vendor/pestphp/pest/src/Kernel.php(103): PHPUnit/TextUI/Application->run()
#93 D:/Kuliah/Cari Kerja/Porto/Portfolio 3/pss_newsite/vendor/pestphp/pest/bin/pest(195): Pest/Kernel->handle()
#94 D:/Kuliah/Cari Kerja/Porto/Portfolio 3/pss_newsite/vendor/pestphp/pest/bin/pest(203): {closure:D:/Kuliah/Cari Kerja/Porto/Portfolio 3/pss_newsite/vendor/pestphp/pest/bin/pest:19}()
#95 {main}
"} 
[2026-06-11 17:35:44] testing.ERROR: SQLSTATE[HY000]: General error: 1 no such table: players (Connection: sqlite, Database: :memory:, SQL: select * from "players" order by RANDOM() limit 4) {"exception":"[object] (Illuminate\\Database\\QueryException(code: HY000): SQLSTATE[HY000]: General error: 1 no such table: players (Connection: sqlite, Database: :memory:, SQL: select * from \"players\" order by RANDOM() limit 4) at D:/Kuliah/Cari Kerja/Porto/Portfolio 3/pss_newsite/vendor/laravel/framework/src/Illuminate/Database/Connection.php:841)
[stacktrace]
#0 D:/Kuliah/Cari Kerja/Porto/Portfolio 3/pss_newsite/vendor/laravel/framework/src/Illuminate/Database/Connection.php(797): Illuminate/Database/Connection->runQueryCallback()
#1 D:/Kuliah/Cari Kerja/Porto/Portfolio 3/pss_newsite/vendor/laravel/framework/src/Illuminate/Database/Connection.php(412): Illuminate/Database/Connection->run()
#2 D:/Kuliah/Cari Kerja/Porto/Portfolio 3/pss_newsite/vendor/laravel/framework/src/Illuminate/Database/Query/Builder.php(3562): Illuminate/Database/Connection->select()
#3 D:/Kuliah/Cari Kerja/Porto/Portfolio 3/pss_newsite/vendor/laravel/framework/src/Illuminate/Database/Query/Builder.php(3546): Illuminate/Database/Query/Builder->runSelect()
#4 D:/Kuliah/Cari Kerja/Porto/Portfolio 3/pss_newsite/vendor/laravel/framework/src/Illuminate/Database/Eloquent/Builder.php(907): Illuminate/Database/Query/Builder->get()
#5 D:/Kuliah/Cari Kerja/Porto/Portfolio 3/pss_newsite/vendor/laravel/framework/src/Illuminate/Database/Eloquent/Builder.php(889): Illuminate/Database/Eloquent/Builder->getModels()
#6 D:/Kuliah/Cari Kerja/Porto/Portfolio 3/pss_newsite/app/Http/Controllers/HomeController.php(15): Illuminate/Database/Eloquent/Builder->get()
#7 D:/Kuliah/Cari Kerja/Porto/Portfolio 3/pss_newsite/vendor/laravel/framework/src/Illuminate/Cache/Repository.php(562): App/Http/Controllers/HomeController->{closure:App/Http/Controllers/HomeController::__invoke():15}()
#8 D:/Kuliah/Cari Kerja/Porto/Portfolio 3/pss_newsite/vendor/laravel/framework/src/Illuminate/Cache/CacheManager.php(584): Illuminate/Cache/Repository->remember()
#9 D:/Kuliah/Cari Kerja/Porto/Portfolio 3/pss_newsite/vendor/laravel/framework/src/Illuminate/Support/Facades/Facade.php(363): Illuminate/Cache/CacheManager->__call()
#10 D:/Kuliah/Cari Kerja/Porto/Portfolio 3/pss_newsite/app/Http/Controllers/HomeController.php(15): Illuminate/Support/Facades/Facade::__callStatic()
#11 D:/Kuliah/Cari Kerja/Porto/Portfolio 3/pss_newsite/vendor/laravel/framework/src/Illuminate/Routing/ControllerDispatcher.php(46): App/Http/Controllers/HomeController->__invoke()
#12 D:/Kuliah/Cari Kerja/Porto/Portfolio 3/pss_newsite/vendor/laravel/framework/src/Illuminate/Routing/Route.php(269): Illuminate/Routing/ControllerDispatcher->dispatch()
#13 D:/Kuliah/Cari Kerja/Porto/Portfolio 3/pss_newsite/vendor/laravel/framework/src/Illuminate/Routing/Route.php(215): Illuminate/Routing/Route->runController()
#14 D:/Kuliah/Cari Kerja/Porto/Portfolio 3/pss_newsite/vendor/laravel/framework/src/Illuminate/Routing/Router.php(822): Illuminate/Routing/Route->run()
#15 D:/Kuliah/Cari Kerja/Porto/Portfolio 3/pss_newsite/vendor/laravel/framework/src/Illuminate/Pipeline/Pipeline.php(180): Illuminate/Routing/Router->{closure:Illuminate/Routing/Router::runRouteWithinStack():821}()
#16 D:/Kuliah/Cari Kerja/Porto/Portfolio 3/pss_newsite/vendor/laravel/framework/src/Illuminate/Http/Middleware/AddLinkHeadersForPreloadedAssets.php(32): Illuminate/Pipeline/Pipeline->{closure:Illuminate/Pipeline/Pipeline::prepareDestination():178}()
#17 D:/Kuliah/Cari Kerja/Porto/Portfolio 3/pss_newsite/vendor/laravel/framework/src/Illuminate/Pipeline/Pipeline.php(219): Illuminate/Http/Middleware/AddLinkHeadersForPreloadedAssets->handle()
#18 D:/Kuliah/Cari Kerja/Porto/Portfolio 3/pss_newsite/vendor/inertiajs/inertia-laravel/src/Middleware.php(138): Illuminate/Pipeline/Pipeline->{closure:{closure:Illuminate/Pipeline/Pipeline::carry():194}:195}()
#19 D:/Kuliah/Cari Kerja/Porto/Portfolio 3/pss_newsite/vendor/laravel/framework/src/Illuminate/Pipeline/Pipeline.php(219): Inertia/Middleware->handle()
#20 D:/Kuliah/Cari Kerja/Porto/Portfolio 3/pss_newsite/app/Http/Middleware/HandleAppearance.php(21): Illuminate/Pipeline/Pipeline->{closure:{closure:Illuminate/Pipeline/Pipeline::carry():194}:195}()
#21 D:/Kuliah/Cari Kerja/Porto/Portfolio 3/pss_newsite/vendor/laravel/framework/src/Illuminate/Pipeline/Pipeline.php(219): App/Http/Middleware/HandleAppearance->handle()
#22 D:/Kuliah/Cari Kerja/Porto/Portfolio 3/pss_newsite/vendor/laravel/framework/src/Illuminate/Routing/Middleware/SubstituteBindings.php(52): Illuminate/Pipeline/Pipeline->{closure:{closure:Illuminate/Pipeline/Pipeline::carry():194}:195}()
#23 D:/Kuliah/Cari Kerja/Porto/Portfolio 3/pss_newsite/vendor/laravel/framework/src/Illuminate/Pipeline/Pipeline.php(219): Illuminate/Routing/Middleware/SubstituteBindings->handle()
#24 D:/Kuliah/Cari Kerja/Porto/Portfolio 3/pss_newsite/vendor/laravel/framework/src/Illuminate/Foundation/Http/Middleware/PreventRequestForgery.php(104): Illuminate/Pipeline/Pipeline->{closure:{closure:Illuminate/Pipeline/Pipeline::carry():194}:195}()
#25 D:/Kuliah/Cari Kerja/Porto/Portfolio 3/pss_newsite/vendor/laravel/framework/src/Illuminate/Pipeline/Pipeline.php(219): Illuminate/Foundation/Http/Middleware/PreventRequestForgery->handle()
#26 D:/Kuliah/Cari Kerja/Porto/Portfolio 3/pss_newsite/vendor/laravel/framework/src/Illuminate/View/Middleware/ShareErrorsFromSession.php(48): Illuminate/Pipeline/Pipeline->{closure:{closure:Illuminate/Pipeline/Pipeline::carry():194}:195}()
#27 D:/Kuliah/Cari Kerja/Porto/Portfolio 3/pss_newsite/vendor/laravel/framework/src/Illuminate/Pipeline/Pipeline.php(219): Illuminate/View/Middleware/ShareErrorsFromSession->handle()
#28 D:/Kuliah/Cari Kerja/Porto/Portfolio 3/pss_newsite/vendor/laravel/framework/src/Illuminate/Session/Middleware/StartSession.php(120): Illuminate/Pipeline/Pipeline->{closure:{closure:Illuminate/Pipeline/Pipeline::carry():194}:195}()
#29 D:/Kuliah/Cari Kerja/Porto/Portfolio 3/pss_newsite/vendor/laravel/framework/src/Illuminate/Session/Middleware/StartSession.php(63): Illuminate/Session/Middleware/StartSession->handleStatefulRequest()
#30 D:/Kuliah/Cari Kerja/Porto/Portfolio 3/pss_newsite/vendor/laravel/framework/src/Illuminate/Pipeline/Pipeline.php(219): Illuminate/Session/Middleware/StartSession->handle()
#31 D:/Kuliah/Cari Kerja/Porto/Portfolio 3/pss_newsite/vendor/laravel/framework/src/Illuminate/Cookie/Middleware/AddQueuedCookiesToResponse.php(36): Illuminate/Pipeline/Pipeline->{closure:{closure:Illuminate/Pipeline/Pipeline::carry():194}:195}()
#32 D:/Kuliah/Cari Kerja/Porto/Portfolio 3/pss_newsite/vendor/laravel/framework/src/Illuminate/Pipeline/Pipeline.php(219): Illuminate/Cookie/Middleware/AddQueuedCookiesToResponse->handle()
#33 D:/Kuliah/Cari Kerja/Porto/Portfolio 3/pss_newsite/vendor/laravel/framework/src/Illuminate/Cookie/Middleware/EncryptCookies.php(74): Illuminate/Pipeline/Pipeline->{closure:{closure:Illuminate/Pipeline/Pipeline::carry():194}:195}()
#34 D:/Kuliah/Cari Kerja/Porto/Portfolio 3/pss_newsite/vendor/laravel/framework/src/Illuminate/Pipeline/Pipeline.php(219): Illuminate/Cookie/Middleware/EncryptCookies->handle()
#35 D:/Kuliah/Cari Kerja/Porto/Portfolio 3/pss_newsite/vendor/laravel/framework/src/Illuminate/Pipeline/Pipeline.php(137): Illuminate/Pipeline/Pipeline->{closure:{closure:Illuminate/Pipeline/Pipeline::carry():194}:195}()
#36 D:/Kuliah/Cari Kerja/Porto/Portfolio 3/pss_newsite/vendor/laravel/framework/src/Illuminate/Routing/Router.php(821): Illuminate/Pipeline/Pipeline->then()
#37 D:/Kuliah/Cari Kerja/Porto/Portfolio 3/pss_newsite/vendor/laravel/framework/src/Illuminate/Routing/Router.php(800): Illuminate/Routing/Router->runRouteWithinStack()
#38 D:/Kuliah/Cari Kerja/Porto/Portfolio 3/pss_newsite/vendor/laravel/framework/src/Illuminate/Routing/Router.php(764): Illuminate/Routing/Router->runRoute()
#39 D:/Kuliah/Cari Kerja/Porto/Portfolio 3/pss_newsite/vendor/laravel/framework/src/Illuminate/Routing/Router.php(753): Illuminate/Routing/Router->dispatchToRoute()
#40 D:/Kuliah/Cari Kerja/Porto/Portfolio 3/pss_newsite/vendor/laravel/framework/src/Illuminate/Foundation/Http/Kernel.php(200): Illuminate/Routing/Router->dispatch()
#41 D:/Kuliah/Cari Kerja/Porto/Portfolio 3/pss_newsite/vendor/laravel/framework/src/Illuminate/Pipeline/Pipeline.php(180): Illuminate/Foundation/Http/Kernel->{closure:Illuminate/Foundation/Http/Kernel::dispatchToRouter():197}()
#42 D:/Kuliah/Cari Kerja/Porto/Portfolio 3/pss_newsite/vendor/inertiajs/inertia-laravel/src/Middleware/EnsureGetOnRedirect.php(19): Illuminate/Pipeline/Pipeline->{closure:Illuminate/Pipeline/Pipeline::prepareDestination():178}()
#43 D:/Kuliah/Cari Kerja/Porto/Portfolio 3/pss_newsite/vendor/laravel/framework/src/Illuminate/Pipeline/Pipeline.php(219): Inertia/Middleware/EnsureGetOnRedirect->handle()
#44 D:/Kuliah/Cari Kerja/Porto/Portfolio 3/pss_newsite/vendor/laravel/framework/src/Illuminate/Foundation/Http/Middleware/TransformsRequest.php(21): Illuminate/Pipeline/Pipeline->{closure:{closure:Illuminate/Pipeline/Pipeline::carry():194}:195}()
#45 D:/Kuliah/Cari Kerja/Porto/Portfolio 3/pss_newsite/vendor/laravel/framework/src/Illuminate/Foundation/Http/Middleware/ConvertEmptyStringsToNull.php(31): Illuminate/Foundation/Http/Middleware/TransformsRequest->handle()
#46 D:/Kuliah/Cari Kerja/Porto/Portfolio 3/pss_newsite/vendor/laravel/framework/src/Illuminate/Pipeline/Pipeline.php(219): Illuminate/Foundation/Http/Middleware/ConvertEmptyStringsToNull->handle()
#47 D:/Kuliah/Cari Kerja/Porto/Portfolio 3/pss_newsite/vendor/laravel/framework/src/Illuminate/Foundation/Http/Middleware/TransformsRequest.php(21): Illuminate/Pipeline/Pipeline->{closure:{closure:Illuminate/Pipeline/Pipeline::carry():194}:195}()
#48 D:/Kuliah/Cari Kerja/Porto/Portfolio 3/pss_newsite/vendor/laravel/framework/src/Illuminate/Foundation/Http/Middleware/TrimStrings.php(51): Illuminate/Foundation/Http/Middleware/TransformsRequest->handle()
#49 D:/Kuliah/Cari Kerja/Porto/Portfolio 3/pss_newsite/vendor/laravel/framework/src/Illuminate/Pipeline/Pipeline.php(219): Illuminate/Foundation/Http/Middleware/TrimStrings->handle()
#50 D:/Kuliah/Cari Kerja/Porto/Portfolio 3/pss_newsite/vendor/laravel/framework/src/Illuminate/Http/Middleware/ValidatePostSize.php(27): Illuminate/Pipeline/Pipeline->{closure:{closure:Illuminate/Pipeline/Pipeline::carry():194}:195}()
#51 D:/Kuliah/Cari Kerja/Porto/Portfolio 3/pss_newsite/vendor/laravel/framework/src/Illuminate/Pipeline/Pipeline.php(219): Illuminate/Http/Middleware/ValidatePostSize->handle()
#52 D:/Kuliah/Cari Kerja/Porto/Portfolio 3/pss_newsite/vendor/laravel/framework/src/Illuminate/Foundation/Http/Middleware/PreventRequestsDuringMaintenance.php(109): Illuminate/Pipeline/Pipeline->{closure:{closure:Illuminate/Pipeline/Pipeline::carry():194}:195}()
#53 D:/Kuliah/Cari Kerja/Porto/Portfolio 3/pss_newsite/vendor/laravel/framework/src/Illuminate/Pipeline/Pipeline.php(219): Illuminate/Foundation/Http/Middleware/PreventRequestsDuringMaintenance->handle()
#54 D:/Kuliah/Cari Kerja/Porto/Portfolio 3/pss_newsite/vendor/laravel/framework/src/Illuminate/Http/Middleware/HandleCors.php(61): Illuminate/Pipeline/Pipeline->{closure:{closure:Illuminate/Pipeline/Pipeline::carry():194}:195}()
#55 D:/Kuliah/Cari Kerja/Porto/Portfolio 3/pss_newsite/vendor/laravel/framework/src/Illuminate/Pipeline/Pipeline.php(219): Illuminate/Http/Middleware/HandleCors->handle()
#56 D:/Kuliah/Cari Kerja/Porto/Portfolio 3/pss_newsite/vendor/laravel/framework/src/Illuminate/Http/Middleware/TrustProxies.php(58): Illuminate/Pipeline/Pipeline->{closure:{closure:Illuminate/Pipeline/Pipeline::carry():194}:195}()
#57 D:/Kuliah/Cari Kerja/Porto/Portfolio 3/pss_newsite/vendor/laravel/framework/src/Illuminate/Pipeline/Pipeline.php(219): Illuminate/Http/Middleware/TrustProxies->handle()
#58 D:/Kuliah/Cari Kerja/Porto/Portfolio 3/pss_newsite/vendor/laravel/framework/src/Illuminate/Foundation/Http/Middleware/InvokeDeferredCallbacks.php(22): Illuminate/Pipeline/Pipeline->{closure:{closure:Illuminate/Pipeline/Pipeline::carry():194}:195}()
#59 D:/Kuliah/Cari Kerja/Porto/Portfolio 3/pss_newsite/vendor/laravel/framework/src/Illuminate/Pipeline/Pipeline.php(219): Illuminate/Foundation/Http/Middleware/InvokeDeferredCallbacks->handle()
#60 D:/Kuliah/Cari Kerja/Porto/Portfolio 3/pss_newsite/vendor/laravel/framework/src/Illuminate/Http/Middleware/ValidatePathEncoding.php(28): Illuminate/Pipeline/Pipeline->{closure:{closure:Illuminate/Pipeline/Pipeline::carry():194}:195}()
#61 D:/Kuliah/Cari Kerja/Porto/Portfolio 3/pss_newsite/vendor/laravel/framework/src/Illuminate/Pipeline/Pipeline.php(219): Illuminate/Http/Middleware/ValidatePathEncoding->handle()
#62 D:/Kuliah/Cari Kerja/Porto/Portfolio 3/pss_newsite/vendor/laravel/framework/src/Illuminate/Pipeline/Pipeline.php(137): Illuminate/Pipeline/Pipeline->{closure:{closure:Illuminate/Pipeline/Pipeline::carry():194}:195}()
#63 D:/Kuliah/Cari Kerja/Porto/Portfolio 3/pss_newsite/vendor/laravel/framework/src/Illuminate/Foundation/Http/Kernel.php(175): Illuminate/Pipeline/Pipeline->then()
#64 D:/Kuliah/Cari Kerja/Porto/Portfolio 3/pss_newsite/vendor/laravel/framework/src/Illuminate/Foundation/Http/Kernel.php(144): Illuminate/Foundation/Http/Kernel->sendRequestThroughRouter()
#65 D:/Kuliah/Cari Kerja/Porto/Portfolio 3/pss_newsite/vendor/laravel/framework/src/Illuminate/Foundation/Testing/Concerns/MakesHttpRequests.php(607): Illuminate/Foundation/Http/Kernel->handle()
#66 D:/Kuliah/Cari Kerja/Porto/Portfolio 3/pss_newsite/vendor/laravel/framework/src/Illuminate/Foundation/Testing/Concerns/MakesHttpRequests.php(368): Illuminate/Foundation/Testing/TestCase->call()
#67 D:/Kuliah/Cari Kerja/Porto/Portfolio 3/pss_newsite/tests/Feature/ExampleTest.php(4): Illuminate/Foundation/Testing/TestCase->get()
#68 D:/Kuliah/Cari Kerja/Porto/Portfolio 3/pss_newsite/vendor/pestphp/pest/src/Factories/TestCaseMethodFactory.php(177): P/Tests/Feature/ExampleTest->{closure:D:/Kuliah/Cari Kerja/Porto/Portfolio 3/pss_newsite/tests/Feature/ExampleTest.php:3}()
#69 [internal function]: P/Tests/Feature/ExampleTest->{closure:Pest/Factories/TestCaseMethodFactory::getClosure():167}()
#70 D:/Kuliah/Cari Kerja/Porto/Portfolio 3/pss_newsite/vendor/pestphp/pest/src/Concerns/Testable.php(509): call_user_func_array()
#71 D:/Kuliah/Cari Kerja/Porto/Portfolio 3/pss_newsite/vendor/pestphp/pest/src/Support/ExceptionTrace.php(26): P/Tests/Feature/ExampleTest->{closure:Pest/Concerns/Testable::__callClosure():509}()
#72 D:/Kuliah/Cari Kerja/Porto/Portfolio 3/pss_newsite/vendor/pestphp/pest/src/Concerns/Testable.php(509): Pest/Support/ExceptionTrace::ensure()
#73 D:/Kuliah/Cari Kerja/Porto/Portfolio 3/pss_newsite/vendor/pestphp/pest/src/Concerns/Testable.php(336): P/Tests/Feature/ExampleTest->__callClosure()
#74 D:/Kuliah/Cari Kerja/Porto/Portfolio 3/pss_newsite/vendor/pestphp/pest/src/Factories/TestCaseFactory.php(175) : eval()'d code(17): P/Tests/Feature/ExampleTest->__runTest()
#75 D:/Kuliah/Cari Kerja/Porto/Portfolio 3/pss_newsite/vendor/phpunit/phpunit/src/Framework/TestCase.php(1335): P/Tests/Feature/ExampleTest->__pest_evaluable_returns_a_successful_response()
#76 D:/Kuliah/Cari Kerja/Porto/Portfolio 3/pss_newsite/vendor/phpunit/phpunit/src/Framework/TestCase.php(519): PHPUnit/Framework/TestCase->runTest()
#77 D:/Kuliah/Cari Kerja/Porto/Portfolio 3/pss_newsite/vendor/phpunit/phpunit/src/Framework/TestRunner/TestRunner.php(99): PHPUnit/Framework/TestCase->runBare()
#78 D:/Kuliah/Cari Kerja/Porto/Portfolio 3/pss_newsite/vendor/phpunit/phpunit/src/Framework/TestCase.php(359): PHPUnit/Framework/TestRunner->run()
#79 D:/Kuliah/Cari Kerja/Porto/Portfolio 3/pss_newsite/vendor/phpunit/phpunit/src/Framework/TestSuite.php(374): PHPUnit/Framework/TestCase->run()
#80 D:/Kuliah/Cari Kerja/Porto/Portfolio 3/pss_newsite/vendor/phpunit/phpunit/src/Framework/TestSuite.php(374): PHPUnit/Framework/TestSuite->run()
#81 D:/Kuliah/Cari Kerja/Porto/Portfolio 3/pss_newsite/vendor/phpunit/phpunit/src/Framework/TestSuite.php(374): PHPUnit/Framework/TestSuite->run()
#82 D:/Kuliah/Cari Kerja/Porto/Portfolio 3/pss_newsite/vendor/phpunit/phpunit/src/TextUI/TestRunner.php(64): PHPUnit/Framework/TestSuite->run()
#83 D:/Kuliah/Cari Kerja/Porto/Portfolio 3/pss_newsite/vendor/phpunit/phpunit/src/TextUI/Application.php(229): PHPUnit/TextUI/TestRunner->run()
#84 D:/Kuliah/Cari Kerja/Porto/Portfolio 3/pss_newsite/vendor/pestphp/pest/src/Kernel.php(103): PHPUnit/TextUI/Application->run()
#85 D:/Kuliah/Cari Kerja/Porto/Portfolio 3/pss_newsite/vendor/pestphp/pest/bin/pest(195): Pest/Kernel->handle()
#86 D:/Kuliah/Cari Kerja/Porto/Portfolio 3/pss_newsite/vendor/pestphp/pest/bin/pest(203): {closure:D:/Kuliah/Cari Kerja/Porto/Portfolio 3/pss_newsite/vendor/pestphp/pest/bin/pest:19}()
#87 {main}
[previous exception] [object] (PDOException(code: HY000): SQLSTATE[HY000]: General error: 1 no such table: players at D:/Kuliah/Cari Kerja/Porto/Portfolio 3/pss_newsite/vendor/laravel/framework/src/Illuminate/Database/Connection.php:421)
[stacktrace]
#0 D:/Kuliah/Cari Kerja/Porto/Portfolio 3/pss_newsite/vendor/laravel/framework/src/Illuminate/Database/Connection.php(421): PDO->prepare()
#1 D:/Kuliah/Cari Kerja/Porto/Portfolio 3/pss_newsite/vendor/laravel/framework/src/Illuminate/Database/Connection.php(830): Illuminate/Database/Connection->{closure:Illuminate/Database/Connection::select():412}()
#2 D:/Kuliah/Cari Kerja/Porto/Portfolio 3/pss_newsite/vendor/laravel/framework/src/Illuminate/Database/Connection.php(797): Illuminate/Database/Connection->runQueryCallback()
#3 D:/Kuliah/Cari Kerja/Porto/Portfolio 3/pss_newsite/vendor/laravel/framework/src/Illuminate/Database/Connection.php(412): Illuminate/Database/Connection->run()
#4 D:/Kuliah/Cari Kerja/Porto/Portfolio 3/pss_newsite/vendor/laravel/framework/src/Illuminate/Database/Query/Builder.php(3562): Illuminate/Database/Connection->select()
#5 D:/Kuliah/Cari Kerja/Porto/Portfolio 3/pss_newsite/vendor/laravel/framework/src/Illuminate/Database/Query/Builder.php(3546): Illuminate/Database/Query/Builder->runSelect()
#6 D:/Kuliah/Cari Kerja/Porto/Portfolio 3/pss_newsite/vendor/laravel/framework/src/Illuminate/Database/Eloquent/Builder.php(907): Illuminate/Database/Query/Builder->get()
#7 D:/Kuliah/Cari Kerja/Porto/Portfolio 3/pss_newsite/vendor/laravel/framework/src/Illuminate/Database/Eloquent/Builder.php(889): Illuminate/Database/Eloquent/Builder->getModels()
#8 D:/Kuliah/Cari Kerja/Porto/Portfolio 3/pss_newsite/app/Http/Controllers/HomeController.php(15): Illuminate/Database/Eloquent/Builder->get()
#9 D:/Kuliah/Cari Kerja/Porto/Portfolio 3/pss_newsite/vendor/laravel/framework/src/Illuminate/Cache/Repository.php(562): App/Http/Controllers/HomeController->{closure:App/Http/Controllers/HomeController::__invoke():15}()
#10 D:/Kuliah/Cari Kerja/Porto/Portfolio 3/pss_newsite/vendor/laravel/framework/src/Illuminate/Cache/CacheManager.php(584): Illuminate/Cache/Repository->remember()
#11 D:/Kuliah/Cari Kerja/Porto/Portfolio 3/pss_newsite/vendor/laravel/framework/src/Illuminate/Support/Facades/Facade.php(363): Illuminate/Cache/CacheManager->__call()
#12 D:/Kuliah/Cari Kerja/Porto/Portfolio 3/pss_newsite/app/Http/Controllers/HomeController.php(15): Illuminate/Support/Facades/Facade::__callStatic()
#13 D:/Kuliah/Cari Kerja/Porto/Portfolio 3/pss_newsite/vendor/laravel/framework/src/Illuminate/Routing/ControllerDispatcher.php(46): App/Http/Controllers/HomeController->__invoke()
#14 D:/Kuliah/Cari Kerja/Porto/Portfolio 3/pss_newsite/vendor/laravel/framework/src/Illuminate/Routing/Route.php(269): Illuminate/Routing/ControllerDispatcher->dispatch()
#15 D:/Kuliah/Cari Kerja/Porto/Portfolio 3/pss_newsite/vendor/laravel/framework/src/Illuminate/Routing/Route.php(215): Illuminate/Routing/Route->runController()
#16 D:/Kuliah/Cari Kerja/Porto/Portfolio 3/pss_newsite/vendor/laravel/framework/src/Illuminate/Routing/Router.php(822): Illuminate/Routing/Route->run()
#17 D:/Kuliah/Cari Kerja/Porto/Portfolio 3/pss_newsite/vendor/laravel/framework/src/Illuminate/Pipeline/Pipeline.php(180): Illuminate/Routing/Router->{closure:Illuminate/Routing/Router::runRouteWithinStack():821}()
#18 D:/Kuliah/Cari Kerja/Porto/Portfolio 3/pss_newsite/vendor/laravel/framework/src/Illuminate/Http/Middleware/AddLinkHeadersForPreloadedAssets.php(32): Illuminate/Pipeline/Pipeline->{closure:Illuminate/Pipeline/Pipeline::prepareDestination():178}()
#19 D:/Kuliah/Cari Kerja/Porto/Portfolio 3/pss_newsite/vendor/laravel/framework/src/Illuminate/Pipeline/Pipeline.php(219): Illuminate/Http/Middleware/AddLinkHeadersForPreloadedAssets->handle()
#20 D:/Kuliah/Cari Kerja/Porto/Portfolio 3/pss_newsite/vendor/inertiajs/inertia-laravel/src/Middleware.php(138): Illuminate/Pipeline/Pipeline->{closure:{closure:Illuminate/Pipeline/Pipeline::carry():194}:195}()
#21 D:/Kuliah/Cari Kerja/Porto/Portfolio 3/pss_newsite/vendor/laravel/framework/src/Illuminate/Pipeline/Pipeline.php(219): Inertia/Middleware->handle()
#22 D:/Kuliah/Cari Kerja/Porto/Portfolio 3/pss_newsite/app/Http/Middleware/HandleAppearance.php(21): Illuminate/Pipeline/Pipeline->{closure:{closure:Illuminate/Pipeline/Pipeline::carry():194}:195}()
#23 D:/Kuliah/Cari Kerja/Porto/Portfolio 3/pss_newsite/vendor/laravel/framework/src/Illuminate/Pipeline/Pipeline.php(219): App/Http/Middleware/HandleAppearance->handle()
#24 D:/Kuliah/Cari Kerja/Porto/Portfolio 3/pss_newsite/vendor/laravel/framework/src/Illuminate/Routing/Middleware/SubstituteBindings.php(52): Illuminate/Pipeline/Pipeline->{closure:{closure:Illuminate/Pipeline/Pipeline::carry():194}:195}()
#25 D:/Kuliah/Cari Kerja/Porto/Portfolio 3/pss_newsite/vendor/laravel/framework/src/Illuminate/Pipeline/Pipeline.php(219): Illuminate/Routing/Middleware/SubstituteBindings->handle()
#26 D:/Kuliah/Cari Kerja/Porto/Portfolio 3/pss_newsite/vendor/laravel/framework/src/Illuminate/Foundation/Http/Middleware/PreventRequestForgery.php(104): Illuminate/Pipeline/Pipeline->{closure:{closure:Illuminate/Pipeline/Pipeline::carry():194}:195}()
#27 D:/Kuliah/Cari Kerja/Porto/Portfolio 3/pss_newsite/vendor/laravel/framework/src/Illuminate/Pipeline/Pipeline.php(219): Illuminate/Foundation/Http/Middleware/PreventRequestForgery->handle()
#28 D:/Kuliah/Cari Kerja/Porto/Portfolio 3/pss_newsite/vendor/laravel/framework/src/Illuminate/View/Middleware/ShareErrorsFromSession.php(48): Illuminate/Pipeline/Pipeline->{closure:{closure:Illuminate/Pipeline/Pipeline::carry():194}:195}()
#29 D:/Kuliah/Cari Kerja/Porto/Portfolio 3/pss_newsite/vendor/laravel/framework/src/Illuminate/Pipeline/Pipeline.php(219): Illuminate/View/Middleware/ShareErrorsFromSession->handle()
#30 D:/Kuliah/Cari Kerja/Porto/Portfolio 3/pss_newsite/vendor/laravel/framework/src/Illuminate/Session/Middleware/StartSession.php(120): Illuminate/Pipeline/Pipeline->{closure:{closure:Illuminate/Pipeline/Pipeline::carry():194}:195}()
#31 D:/Kuliah/Cari Kerja/Porto/Portfolio 3/pss_newsite/vendor/laravel/framework/src/Illuminate/Session/Middleware/StartSession.php(63): Illuminate/Session/Middleware/StartSession->handleStatefulRequest()
#32 D:/Kuliah/Cari Kerja/Porto/Portfolio 3/pss_newsite/vendor/laravel/framework/src/Illuminate/Pipeline/Pipeline.php(219): Illuminate/Session/Middleware/StartSession->handle()
#33 D:/Kuliah/Cari Kerja/Porto/Portfolio 3/pss_newsite/vendor/laravel/framework/src/Illuminate/Cookie/Middleware/AddQueuedCookiesToResponse.php(36): Illuminate/Pipeline/Pipeline->{closure:{closure:Illuminate/Pipeline/Pipeline::carry():194}:195}()
#34 D:/Kuliah/Cari Kerja/Porto/Portfolio 3/pss_newsite/vendor/laravel/framework/src/Illuminate/Pipeline/Pipeline.php(219): Illuminate/Cookie/Middleware/AddQueuedCookiesToResponse->handle()
#35 D:/Kuliah/Cari Kerja/Porto/Portfolio 3/pss_newsite/vendor/laravel/framework/src/Illuminate/Cookie/Middleware/EncryptCookies.php(74): Illuminate/Pipeline/Pipeline->{closure:{closure:Illuminate/Pipeline/Pipeline::carry():194}:195}()
#36 D:/Kuliah/Cari Kerja/Porto/Portfolio 3/pss_newsite/vendor/laravel/framework/src/Illuminate/Pipeline/Pipeline.php(219): Illuminate/Cookie/Middleware/EncryptCookies->handle()
#37 D:/Kuliah/Cari Kerja/Porto/Portfolio 3/pss_newsite/vendor/laravel/framework/src/Illuminate/Pipeline/Pipeline.php(137): Illuminate/Pipeline/Pipeline->{closure:{closure:Illuminate/Pipeline/Pipeline::carry():194}:195}()
#38 D:/Kuliah/Cari Kerja/Porto/Portfolio 3/pss_newsite/vendor/laravel/framework/src/Illuminate/Routing/Router.php(821): Illuminate/Pipeline/Pipeline->then()
#39 D:/Kuliah/Cari Kerja/Porto/Portfolio 3/pss_newsite/vendor/laravel/framework/src/Illuminate/Routing/Router.php(800): Illuminate/Routing/Router->runRouteWithinStack()
#40 D:/Kuliah/Cari Kerja/Porto/Portfolio 3/pss_newsite/vendor/laravel/framework/src/Illuminate/Routing/Router.php(764): Illuminate/Routing/Router->runRoute()
#41 D:/Kuliah/Cari Kerja/Porto/Portfolio 3/pss_newsite/vendor/laravel/framework/src/Illuminate/Routing/Router.php(753): Illuminate/Routing/Router->dispatchToRoute()
#42 D:/Kuliah/Cari Kerja/Porto/Portfolio 3/pss_newsite/vendor/laravel/framework/src/Illuminate/Foundation/Http/Kernel.php(200): Illuminate/Routing/Router->dispatch()
#43 D:/Kuliah/Cari Kerja/Porto/Portfolio 3/pss_newsite/vendor/laravel/framework/src/Illuminate/Pipeline/Pipeline.php(180): Illuminate/Foundation/Http/Kernel->{closure:Illuminate/Foundation/Http/Kernel::dispatchToRouter():197}()
#44 D:/Kuliah/Cari Kerja/Porto/Portfolio 3/pss_newsite/vendor/inertiajs/inertia-laravel/src/Middleware/EnsureGetOnRedirect.php(19): Illuminate/Pipeline/Pipeline->{closure:Illuminate/Pipeline/Pipeline::prepareDestination():178}()
#45 D:/Kuliah/Cari Kerja/Porto/Portfolio 3/pss_newsite/vendor/laravel/framework/src/Illuminate/Pipeline/Pipeline.php(219): Inertia/Middleware/EnsureGetOnRedirect->handle()
#46 D:/Kuliah/Cari Kerja/Porto/Portfolio 3/pss_newsite/vendor/laravel/framework/src/Illuminate/Foundation/Http/Middleware/TransformsRequest.php(21): Illuminate/Pipeline/Pipeline->{closure:{closure:Illuminate/Pipeline/Pipeline::carry():194}:195}()
#47 D:/Kuliah/Cari Kerja/Porto/Portfolio 3/pss_newsite/vendor/laravel/framework/src/Illuminate/Foundation/Http/Middleware/ConvertEmptyStringsToNull.php(31): Illuminate/Foundation/Http/Middleware/TransformsRequest->handle()
#48 D:/Kuliah/Cari Kerja/Porto/Portfolio 3/pss_newsite/vendor/laravel/framework/src/Illuminate/Pipeline/Pipeline.php(219): Illuminate/Foundation/Http/Middleware/ConvertEmptyStringsToNull->handle()
#49 D:/Kuliah/Cari Kerja/Porto/Portfolio 3/pss_newsite/vendor/laravel/framework/src/Illuminate/Foundation/Http/Middleware/TransformsRequest.php(21): Illuminate/Pipeline/Pipeline->{closure:{closure:Illuminate/Pipeline/Pipeline::carry():194}:195}()
#50 D:/Kuliah/Cari Kerja/Porto/Portfolio 3/pss_newsite/vendor/laravel/framework/src/Illuminate/Foundation/Http/Middleware/TrimStrings.php(51): Illuminate/Foundation/Http/Middleware/TransformsRequest->handle()
#51 D:/Kuliah/Cari Kerja/Porto/Portfolio 3/pss_newsite/vendor/laravel/framework/src/Illuminate/Pipeline/Pipeline.php(219): Illuminate/Foundation/Http/Middleware/TrimStrings->handle()
#52 D:/Kuliah/Cari Kerja/Porto/Portfolio 3/pss_newsite/vendor/laravel/framework/src/Illuminate/Http/Middleware/ValidatePostSize.php(27): Illuminate/Pipeline/Pipeline->{closure:{closure:Illuminate/Pipeline/Pipeline::carry():194}:195}()
#53 D:/Kuliah/Cari Kerja/Porto/Portfolio 3/pss_newsite/vendor/laravel/framework/src/Illuminate/Pipeline/Pipeline.php(219): Illuminate/Http/Middleware/ValidatePostSize->handle()
#54 D:/Kuliah/Cari Kerja/Porto/Portfolio 3/pss_newsite/vendor/laravel/framework/src/Illuminate/Foundation/Http/Middleware/PreventRequestsDuringMaintenance.php(109): Illuminate/Pipeline/Pipeline->{closure:{closure:Illuminate/Pipeline/Pipeline::carry():194}:195}()
#55 D:/Kuliah/Cari Kerja/Porto/Portfolio 3/pss_newsite/vendor/laravel/framework/src/Illuminate/Pipeline/Pipeline.php(219): Illuminate/Foundation/Http/Middleware/PreventRequestsDuringMaintenance->handle()
#56 D:/Kuliah/Cari Kerja/Porto/Portfolio 3/pss_newsite/vendor/laravel/framework/src/Illuminate/Http/Middleware/HandleCors.php(61): Illuminate/Pipeline/Pipeline->{closure:{closure:Illuminate/Pipeline/Pipeline::carry():194}:195}()
#57 D:/Kuliah/Cari Kerja/Porto/Portfolio 3/pss_newsite/vendor/laravel/framework/src/Illuminate/Pipeline/Pipeline.php(219): Illuminate/Http/Middleware/HandleCors->handle()
#58 D:/Kuliah/Cari Kerja/Porto/Portfolio 3/pss_newsite/vendor/laravel/framework/src/Illuminate/Http/Middleware/TrustProxies.php(58): Illuminate/Pipeline/Pipeline->{closure:{closure:Illuminate/Pipeline/Pipeline::carry():194}:195}()
#59 D:/Kuliah/Cari Kerja/Porto/Portfolio 3/pss_newsite/vendor/laravel/framework/src/Illuminate/Pipeline/Pipeline.php(219): Illuminate/Http/Middleware/TrustProxies->handle()
#60 D:/Kuliah/Cari Kerja/Porto/Portfolio 3/pss_newsite/vendor/laravel/framework/src/Illuminate/Foundation/Http/Middleware/InvokeDeferredCallbacks.php(22): Illuminate/Pipeline/Pipeline->{closure:{closure:Illuminate/Pipeline/Pipeline::carry():194}:195}()
#61 D:/Kuliah/Cari Kerja/Porto/Portfolio 3/pss_newsite/vendor/laravel/framework/src/Illuminate/Pipeline/Pipeline.php(219): Illuminate/Foundation/Http/Middleware/InvokeDeferredCallbacks->handle()
#62 D:/Kuliah/Cari Kerja/Porto/Portfolio 3/pss_newsite/vendor/laravel/framework/src/Illuminate/Http/Middleware/ValidatePathEncoding.php(28): Illuminate/Pipeline/Pipeline->{closure:{closure:Illuminate/Pipeline/Pipeline::carry():194}:195}()
#63 D:/Kuliah/Cari Kerja/Porto/Portfolio 3/pss_newsite/vendor/laravel/framework/src/Illuminate/Pipeline/Pipeline.php(219): Illuminate/Http/Middleware/ValidatePathEncoding->handle()
#64 D:/Kuliah/Cari Kerja/Porto/Portfolio 3/pss_newsite/vendor/laravel/framework/src/Illuminate/Pipeline/Pipeline.php(137): Illuminate/Pipeline/Pipeline->{closure:{closure:Illuminate/Pipeline/Pipeline::carry():194}:195}()
#65 D:/Kuliah/Cari Kerja/Porto/Portfolio 3/pss_newsite/vendor/laravel/framework/src/Illuminate/Foundation/Http/Kernel.php(175): Illuminate/Pipeline/Pipeline->then()
#66 D:/Kuliah/Cari Kerja/Porto/Portfolio 3/pss_newsite/vendor/laravel/framework/src/Illuminate/Foundation/Http/Kernel.php(144): Illuminate/Foundation/Http/Kernel->sendRequestThroughRouter()
#67 D:/Kuliah/Cari Kerja/Porto/Portfolio 3/pss_newsite/vendor/laravel/framework/src/Illuminate/Foundation/Testing/Concerns/MakesHttpRequests.php(607): Illuminate/Foundation/Http/Kernel->handle()
#68 D:/Kuliah/Cari Kerja/Porto/Portfolio 3/pss_newsite/vendor/laravel/framework/src/Illuminate/Foundation/Testing/Concerns/MakesHttpRequests.php(368): Illuminate/Foundation/Testing/TestCase->call()
#69 D:/Kuliah/Cari Kerja/Porto/Portfolio 3/pss_newsite/tests/Feature/ExampleTest.php(4): Illuminate/Foundation/Testing/TestCase->get()
#70 D:/Kuliah/Cari Kerja/Porto/Portfolio 3/pss_newsite/vendor/pestphp/pest/src/Factories/TestCaseMethodFactory.php(177): P/Tests/Feature/ExampleTest->{closure:D:/Kuliah/Cari Kerja/Porto/Portfolio 3/pss_newsite/tests/Feature/ExampleTest.php:3}()
#71 [internal function]: P/Tests/Feature/ExampleTest->{closure:Pest/Factories/TestCaseMethodFactory::getClosure():167}()
#72 D:/Kuliah/Cari Kerja/Porto/Portfolio 3/pss_newsite/vendor/pestphp/pest/src/Concerns/Testable.php(509): call_user_func_array()
#73 D:/Kuliah/Cari Kerja/Porto/Portfolio 3/pss_newsite/vendor/pestphp/pest/src/Support/ExceptionTrace.php(26): P/Tests/Feature/ExampleTest->{closure:Pest/Concerns/Testable::__callClosure():509}()
#74 D:/Kuliah/Cari Kerja/Porto/Portfolio 3/pss_newsite/vendor/pestphp/pest/src/Concerns/Testable.php(509): Pest/Support/ExceptionTrace::ensure()
#75 D:/Kuliah/Cari Kerja/Porto/Portfolio 3/pss_newsite/vendor/pestphp/pest/src/Concerns/Testable.php(336): P/Tests/Feature/ExampleTest->__callClosure()
#76 D:/Kuliah/Cari Kerja/Porto/Portfolio 3/pss_newsite/vendor/pestphp/pest/src/Factories/TestCaseFactory.php(175) : eval()'d code(17): P/Tests/Feature/ExampleTest->__runTest()
#77 D:/Kuliah/Cari Kerja/Porto/Portfolio 3/pss_newsite/vendor/phpunit/phpunit/src/Framework/TestCase.php(1335): P/Tests/Feature/ExampleTest->__pest_evaluable_returns_a_successful_response()
#78 D:/Kuliah/Cari Kerja/Porto/Portfolio 3/pss_newsite/vendor/phpunit/phpunit/src/Framework/TestCase.php(519): PHPUnit/Framework/TestCase->runTest()
#79 D:/Kuliah/Cari Kerja/Porto/Portfolio 3/pss_newsite/vendor/phpunit/phpunit/src/Framework/TestRunner/TestRunner.php(99): PHPUnit/Framework/TestCase->runBare()
#80 D:/Kuliah/Cari Kerja/Porto/Portfolio 3/pss_newsite/vendor/phpunit/phpunit/src/Framework/TestCase.php(359): PHPUnit/Framework/TestRunner->run()
#81 D:/Kuliah/Cari Kerja/Porto/Portfolio 3/pss_newsite/vendor/phpunit/phpunit/src/Framework/TestSuite.php(374): PHPUnit/Framework/TestCase->run()
#82 D:/Kuliah/Cari Kerja/Porto/Portfolio 3/pss_newsite/vendor/phpunit/phpunit/src/Framework/TestSuite.php(374): PHPUnit/Framework/TestSuite->run()
#83 D:/Kuliah/Cari Kerja/Porto/Portfolio 3/pss_newsite/vendor/phpunit/phpunit/src/Framework/TestSuite.php(374): PHPUnit/Framework/TestSuite->run()
#84 D:/Kuliah/Cari Kerja/Porto/Portfolio 3/pss_newsite/vendor/phpunit/phpunit/src/TextUI/TestRunner.php(64): PHPUnit/Framework/TestSuite->run()
#85 D:/Kuliah/Cari Kerja/Porto/Portfolio 3/pss_newsite/vendor/phpunit/phpunit/src/TextUI/Application.php(229): PHPUnit/TextUI/TestRunner->run()
#86 D:/Kuliah/Cari Kerja/Porto/Portfolio 3/pss_newsite/vendor/pestphp/pest/src/Kernel.php(103): PHPUnit/TextUI/Application->run()
#87 D:/Kuliah/Cari Kerja/Porto/Portfolio 3/pss_newsite/vendor/pestphp/pest/bin/pest(195): Pest/Kernel->handle()
#88 D:/Kuliah/Cari Kerja/Porto/Portfolio 3/pss_newsite/vendor/pestphp/pest/bin/pest(203): {closure:D:/Kuliah/Cari Kerja/Porto/Portfolio 3/pss_newsite/vendor/pestphp/pest/bin/pest:19}()
#89 {main}
"} 
{"tool":"pest","result":"failed","tests":40,"passed":7,"assertions":12,"duration_ms":1727,"failed":2,"failures":[{"test":"P\\Tests\\Feature\\Auth\\RegistrationTest::__pest_evaluable_new_users_can_register","file":"3\\pss_newsite\\vendor\\laravel\\framework\\src\\Illuminate\\Foundation\\Testing\\Concerns\\InteractsWithAuthentication.php","line":64,"message":"The user is not authenticated\nFailed asserting that false is true."},{"test":"P\\Tests\\Feature\\ExampleTest::__pest_evaluable_returns_a_successful_response","file":"3\\pss_newsite\\vendor\\laravel\\framework\\src\\Illuminate\\Testing\\TestResponseAssert.php","line":45,"message":"Expected response status code [200] but received 500.\nFailed asserting that 500 is identical to 200.\r\n\r\nThe following exception occurred during the last request:\r\n\r\nPDOException: SQLSTATE[HY000]: General error: 1 no such table: players in D:\\Kuliah\\Cari Kerja\\Porto\\Portfolio 3\\pss_newsite\\vendor\\laravel\\framework\\src\\Illuminate\\Database\\Connection.php:421\nStack trace:\n#0 D:\\Kuliah\\Cari Kerja\\Porto\\Portfolio 3\\pss_newsite\\vendor\\laravel\\framework\\src\\Illuminate\\Database\\Connection.php(421): PDO->prepare()\n#1 D:\\Kuliah\\Cari Kerja\\Porto\\Portfolio 3\\pss_newsite\\vendor\\laravel\\framework\\src\\Illuminate\\Database\\Connection.php(830): Illuminate\\Database\\Connection->{closure:Illuminate\\Database\\Connection::select():412}()\n#2 D:\\Kuliah\\Cari Kerja\\Porto\\Portfolio 3\\pss_newsite\\vendor\\laravel\\framework\\src\\Illuminate\\Database\\Connection.php(797): Illuminate\\Database\\Connection->runQueryCallback()\n#3 D:\\Kuliah\\Cari Kerja\\Porto\\Portfolio 3\\pss_newsite\\vendor\\laravel\\framework\\src\\Illuminate\\Database\\Connection.php(412): Illuminate\\Database\\Connection->run()\n#4 D:\\Kuliah\\Cari Kerja\\Porto\\Portfolio 3\\pss_newsite\\vendor\\laravel\\framework\\src\\Illuminate\\Database\\Query\\Builder.php(3562): Illuminate\\Database\\Connection->select()\n#5 D:\\Kuliah\\Cari Kerja\\Porto\\Portfolio 3\\pss_newsite\\vendor\\laravel\\framework\\src\\Illuminate\\Database\\Query\\Builder.php(3546): Illuminate\\Database\\Query\\Builder->runSelect()\n#6 D:\\Kuliah\\Cari Kerja\\Porto\\Portfolio 3\\pss_newsite\\vendor\\laravel\\framework\\src\\Illuminate\\Database\\Eloquent\\Builder.php(907): Illuminate\\Database\\Query\\Builder->get()\n#7 D:\\Kuliah\\Cari Kerja\\Porto\\Portfolio 3\\pss_newsite\\vendor\\laravel\\framework\\src\\Illuminate\\Database\\Eloquent\\Builder.php(889): Illuminate\\Database\\Eloquent\\Builder->getModels()\n#8 D:\\Kuliah\\Cari Kerja\\Porto\\Portfolio 3\\pss_newsite\\app\\Http\\Controllers\\HomeController.php(15): Illuminate\\Database\\Eloquent\\Builder->get()\n#9 D:\\Kuliah\\Cari Kerja\\Porto\\Portfolio 3\\pss_newsite\\vendor\\laravel\\framework\\src\\Illuminate\\Cache\\Repository.php(562): App\\Http\\Controllers\\HomeController->{closure:App\\Http\\Controllers\\HomeController::__invoke():15}()\n#10 D:\\Kuliah\\Cari Kerja\\Porto\\Portfolio 3\\pss_newsite\\vendor\\laravel\\framework\\src\\Illuminate\\Cache\\CacheManager.php(584): Illuminate\\Cache\\Repository->remember()\n#11 D:\\Kuliah\\Cari Kerja\\Porto\\Portfolio 3\\pss_newsite\\vendor\\laravel\\framework\\src\\Illuminate\\Support\\Facades\\Facade.php(363): Illuminate\\Cache\\CacheManager->__call()\n#12 D:\\Kuliah\\Cari Kerja\\Porto\\Portfolio 3\\pss_newsite\\app\\Http\\Controllers\\HomeController.php(15): Illuminate\\Support\\Facades\\Facade::__callStatic()\n#13 D:\\Kuliah\\Cari Kerja\\Porto\\Portfolio 3\\pss_newsite\\vendor\\laravel\\framework\\src\\Illuminate\\Routing\\ControllerDispatcher.php(46): App\\Http\\Controllers\\HomeController->__invoke()\n#14 D:\\Kuliah\\Cari Kerja\\Porto\\Portfolio 3\\pss_newsite\\vendor\\laravel\\framework\\src\\Illuminate\\Routing\\Route.php(269): Illuminate\\Routing\\ControllerDispatcher->dispatch()\n#15 D:\\Kuliah\\Cari Kerja\\Porto\\Portfolio 3\\pss_newsite\\vendor\\laravel\\framework\\src\\Illuminate\\Routing\\Route.php(215): Illuminate\\Routing\\Route->runController()\n#16 D:\\Kuliah\\Cari Kerja\\Porto\\Portfolio 3\\pss_newsite\\vendor\\laravel\\framework\\src\\Illuminate\\Routing\\Router.php(822): Illuminate\\Routing\\Route->run()\n#17 D:\\Kuliah\\Cari Kerja\\Porto\\Portfolio 3\\pss_newsite\\vendor\\laravel\\framework\\src\\Illuminate\\Pipeline\\Pipeline.php(180): Illuminate\\Routing\\Router->{closure:Illuminate\\Routing\\Router::runRouteWithinStack():821}()\n#18 D:\\Kuliah\\Cari Kerja\\Porto\\Portfolio 3\\pss_newsite\\vendor\\laravel\\framework\\src\\Illuminate\\Http\\Middleware\\AddLinkHeadersForPreloadedAssets.php(32): Illuminate\\Pipeline\\Pipeline->{closure:Illuminate\\Pipeline\\Pipeline::prepareDestination():178}()\n#19 D:\\Kuliah\\Cari Kerja\\Porto\\Portfolio 3\\pss_newsite\\vendor\\laravel\\framework\\src\\Illuminate\\Pipeline\\Pipeline.php(219): Illuminate\\Http\\Middleware\\AddLinkHeadersForPreloadedAssets->handle()\n#20 D:\\Kuliah\\Cari Kerja\\Porto\\Portfolio 3\\pss_newsite\\vendor\\inertiajs\\inertia-laravel\\src\\Middleware.php(138): Illuminate\\Pipeline\\Pipeline->{closure:{closure:Illuminate\\Pipeline\\Pipeline::carry():194}:195}()\n#21 D:\\Kuliah\\Cari Kerja\\Porto\\Portfolio 3\\pss_newsite\\vendor\\laravel\\framework\\src\\Illuminate\\Pipeline\\Pipeline.php(219): Inertia\\Middleware->handle()\n#22 D:\\Kuliah\\Cari Kerja\\Porto\\Portfolio 3\\pss_newsite\\app\\Http\\Middleware\\HandleAppearance.php(21): Illuminate\\Pipeline\\Pipeline->{closure:{closure:Illuminate\\Pipeline\\Pipeline::carry():194}:195}()\n#23 D:\\Kuliah\\Cari Kerja\\Porto\\Portfolio 3\\pss_newsite\\vendor\\laravel\\framework\\src\\Illuminate\\Pipeline\\Pipeline.php(219): App\\Http\\Middleware\\HandleAppearance->handle()\n#24 D:\\Kuliah\\Cari Kerja\\Porto\\Portfolio 3\\pss_newsite\\vendor\\laravel\\framework\\src\\Illuminate\\Routing\\Middleware\\SubstituteBindings.php(52): Illuminate\\Pipeline\\Pipeline->{closure:{closure:Illuminate\\Pipeline\\Pipeline::carry():194}:195}()\n#25 D:\\Kuliah\\Cari Kerja\\Porto\\Portfolio 3\\pss_newsite\\vendor\\laravel\\framework\\src\\Illuminate\\Pipeline\\Pipeline.php(219): Illuminate\\Routing\\Middleware\\SubstituteBindings->handle()\n#26 D:\\Kuliah\\Cari Kerja\\Porto\\Portfolio 3\\pss_newsite\\vendor\\laravel\\framework\\src\\Illuminate\\Foundation\\Http\\Middleware\\PreventRequestForgery.php(104): Illuminate\\Pipeline\\Pipeline->{closure:{closure:Illuminate\\Pipeline\\Pipeline::carry():194}:195}()\n#27 D:\\Kuliah\\Cari Kerja\\Porto\\Portfolio 3\\pss_newsite\\vendor\\laravel\\framework\\src\\Illuminate\\Pipeline\\Pipeline.php(219): Illuminate\\Foundation\\Http\\Middleware\\PreventRequestForgery->handle()\n#28 D:\\Kuliah\\Cari Kerja\\Porto\\Portfolio 3\\pss_newsite\\vendor\\laravel\\framework\\src\\Illuminate\\View\\Middleware\\ShareErrorsFromSession.php(48): Illuminate\\Pipeline\\Pipeline->{closure:{closure:Illuminate\\Pipeline\\Pipeline::carry():194}:195}()\n#29 D:\\Kuliah\\Cari Kerja\\Porto\\Portfolio 3\\pss_newsite\\vendor\\laravel\\framework\\src\\Illuminate\\Pipeline\\Pipeline.php(219): Illuminate\\View\\Middleware\\ShareErrorsFromSession->handle()\n#30 D:\\Kuliah\\Cari Kerja\\Porto\\Portfolio 3\\pss_newsite\\vendor\\laravel\\framework\\src\\Illuminate\\Session\\Middleware\\StartSession.php(120): Illuminate\\Pipeline\\Pipeline->{closure:{closure:Illuminate\\Pipeline\\Pipeline::carry():194}:195}()\n#31 D:\\Kuliah\\Cari Kerja\\Porto\\Portfolio 3\\pss_newsite\\vendor\\laravel\\framework\\src\\Illuminate\\Session\\Middleware\\StartSession.php(63): Illuminate\\Session\\Middleware\\StartSession->handleStatefulRequest()\n#32 D:\\Kuliah\\Cari Kerja\\Porto\\Portfolio 3\\pss_newsite\\vendor\\laravel\\framework\\src\\Illuminate\\Pipeline\\Pipeline.php(219): Illuminate\\Session\\Middleware\\StartSession->handle()\n#33 D:\\Kuliah\\Cari Kerja\\Porto\\Portfolio 3\\pss_newsite\\vendor\\laravel\\framework\\src\\Illuminate\\Cookie\\Middleware\\AddQueuedCookiesToResponse.php(36): Illuminate\\Pipeline\\Pipeline->{closure:{closure:Illuminate\\Pipeline\\Pipeline::carry():194}:195}()\n#34 D:\\Kuliah\\Cari Kerja\\Porto\\Portfolio 3\\pss_newsite\\vendor\\laravel\\framework\\src\\Illuminate\\Pipeline\\Pipeline.php(219): Illuminate\\Cookie\\Middleware\\AddQueuedCookiesToResponse->handle()\n#35 D:\\Kuliah\\Cari Kerja\\Porto\\Portfolio 3\\pss_newsite\\vendor\\laravel\\framework\\src\\Illuminate\\Cookie\\Middleware\\EncryptCookies.php(74): Illuminate\\Pipeline\\Pipeline->{closure:{closure:Illuminate\\Pipeline\\Pipeline::carry():194}:195}()\n#36 D:\\Kuliah\\Cari Kerja\\Porto\\Portfolio 3\\pss_newsite\\vendor\\laravel\\framework\\src\\Illuminate\\Pipeline\\Pipeline.php(219): Illuminate\\Cookie\\Middleware\\EncryptCookies->handle()\n#37 D:\\Kuliah\\Cari Kerja\\Porto\\Portfolio 3\\pss_newsite\\vendor\\laravel\\framework\\src\\Illuminate\\Pipeline\\Pipeline.php(137): Illuminate\\Pipeline\\Pipeline->{closure:{closure:Illuminate\\Pipeline\\Pipeline::carry():194}:195}()\n#38 D:\\Kuliah\\Cari Kerja\\Porto\\Portfolio 3\\pss_newsite\\vendor\\laravel\\framework\\src\\Illuminate\\Routing\\Router.php(821): Illuminate\\Pipeline\\Pipeline->then()\n#39 D:\\Kuliah\\Cari Kerja\\Porto\\Portfolio 3\\pss_newsite\\vendor\\laravel\\framework\\src\\Illuminate\\Routing\\Router.php(800): Illuminate\\Routing\\Router->runRouteWithinStack()\n#40 D:\\Kuliah\\Cari Kerja\\Porto\\Portfolio 3\\pss_newsite\\vendor\\laravel\\framework\\src\\Illuminate\\Routing\\Router.php(764): Illuminate\\Routing\\Router->runRoute()\n#41 D:\\Kuliah\\Cari Kerja\\Porto\\Portfolio 3\\pss_newsite\\vendor\\laravel\\framework\\src\\Illuminate\\Routing\\Router.php(753): Illuminate\\Routing\\Router->dispatchToRoute()\n#42 D:\\Kuliah\\Cari Kerja\\Porto\\Portfolio 3\\pss_newsite\\vendor\\laravel\\framework\\src\\Illuminate\\Foundation\\Http\\Kernel.php(200): Illuminate\\Routing\\Router->dispatch()\n#43 D:\\Kuliah\\Cari Kerja\\Porto\\Portfolio 3\\pss_newsite\\vendor\\laravel\\framework\\src\\Illuminate\\Pipeline\\Pipeline.php(180): Illuminate\\Foundation\\Http\\Kernel->{closure:Illuminate\\Foundation\\Http\\Kernel::dispatchToRouter():197}()\n#44 D:\\Kuliah\\Cari Kerja\\Porto\\Portfolio 3\\pss_newsite\\vendor\\inertiajs\\inertia-laravel\\src\\Middleware\\EnsureGetOnRedirect.php(19): Illuminate\\Pipeline\\Pipeline->{closure:Illuminate\\Pipeline\\Pipeline::prepareDestination():178}()\n#45 D:\\Kuliah\\Cari Kerja\\Porto\\Portfolio 3\\pss_newsite\\vendor\\laravel\\framework\\src\\Illuminate\\Pipeline\\Pipeline.php(219): Inertia\\Middleware\\EnsureGetOnRedirect->handle()\n#46 D:\\Kuliah\\Cari Kerja\\Porto\\Portfolio 3\\pss_newsite\\vendor\\laravel\\framework\\src\\Illuminate\\Foundation\\Http\\Middleware\\TransformsRequest.php(21): Illuminate\\Pipeline\\Pipeline->{closure:{closure:Illuminate\\Pipeline\\Pipeline::carry():194}:195}()\n#47 D:\\Kuliah\\Cari Kerja\\Porto\\Portfolio 3\\pss_newsite\\vendor\\laravel\\framework\\src\\Illuminate\\Foundation\\Http\\Middleware\\ConvertEmptyStringsToNull.php(31): Illuminate\\Foundation\\Http\\Middleware\\TransformsRequest->handle()\n#48 D:\\Kuliah\\Cari Kerja\\Porto\\Portfolio 3\\pss_newsite\\vendor\\laravel\\framework\\src\\Illuminate\\Pipeline\\Pipeline.php(219): Illuminate\\Foundation\\Http\\Middleware\\ConvertEmptyStringsToNull->handle()\n#49 D:\\Kuliah\\Cari Kerja\\Porto\\Portfolio 3\\pss_newsite\\vendor\\laravel\\framework\\src\\Illuminate\\Foundation\\Http\\Middleware\\TransformsRequest.php(21): Illuminate\\Pipeline\\Pipeline->{closure:{closure:Illuminate\\Pipeline\\Pipeline::carry():194}:195}()\n#50 D:\\Kuliah\\Cari Kerja\\Porto\\Portfolio 3\\pss_newsite\\vendor\\laravel\\framework\\src\\Illuminate\\Foundation\\Http\\Middleware\\TrimStrings.php(51): Illuminate\\Foundation\\Http\\Middleware\\TransformsRequest->handle()\n#51 D:\\Kuliah\\Cari Kerja\\Porto\\Portfolio 3\\pss_newsite\\vendor\\laravel\\framework\\src\\Illuminate\\Pipeline\\Pipeline.php(219): Illuminate\\Foundation\\Http\\Middleware\\TrimStrings->handle()\n#52 D:\\Kuliah\\Cari Kerja\\Porto\\Portfolio 3\\pss_newsite\\vendor\\laravel\\framework\\src\\Illuminate\\Http\\Middleware\\ValidatePostSize.php(27): Illuminate\\Pipeline\\Pipeline->{closure:{closure:Illuminate\\Pipeline\\Pipeline::carry():194}:195}()\n#53 D:\\Kuliah\\Cari Kerja\\Porto\\Portfolio 3\\pss_newsite\\vendor\\laravel\\framework\\src\\Illuminate\\Pipeline\\Pipeline.php(219): Illuminate\\Http\\Middleware\\ValidatePostSize->handle()\n#54 D:\\Kuliah\\Cari Kerja\\Porto\\Portfolio 3\\pss_newsite\\vendor\\laravel\\framework\\src\\Illuminate\\Foundation\\Http\\Middleware\\PreventRequestsDuringMaintenance.php(109): Illuminate\\Pipeline\\Pipeline->{closure:{closure:Illuminate\\Pipeline\\Pipeline::carry():194}:195}()\n#55 D:\\Kuliah\\Cari Kerja\\Porto\\Portfolio 3\\pss_newsite\\vendor\\laravel\\framework\\src\\Illuminate\\Pipeline\\Pipeline.php(219): Illuminate\\Foundation\\Http\\Middleware\\PreventRequestsDuringMaintenance->handle()\n#56 D:\\Kuliah\\Cari Kerja\\Porto\\Portfolio 3\\pss_newsite\\vendor\\laravel\\framework\\src\\Illuminate\\Http\\Middleware\\HandleCors.php(61): Illuminate\\Pipeline\\Pipeline->{closure:{closure:Illuminate\\Pipeline\\Pipeline::carry():194}:195}()\n#57 D:\\Kuliah\\Cari Kerja\\Porto\\Portfolio 3\\pss_newsite\\vendor\\laravel\\framework\\src\\Illuminate\\Pipeline\\Pipeline.php(219): Illuminate\\Http\\Middleware\\HandleCors->handle()\n#58 D:\\Kuliah\\Cari Kerja\\Porto\\Portfolio 3\\pss_newsite\\vendor\\laravel\\framework\\src\\Illuminate\\Http\\Middleware\\TrustProxies.php(58): Illuminate\\Pipeline\\Pipeline->{closure:{closure:Illuminate\\Pipeline\\Pipeline::carry():194}:195}()\n#59 D:\\Kuliah\\Cari Kerja\\Porto\\Portfolio 3\\pss_newsite\\vendor\\laravel\\framework\\src\\Illuminate\\Pipeline\\Pipeline.php(219): Illuminate\\Http\\Middleware\\TrustProxies->handle()\n#60 D:\\Kuliah\\Cari Kerja\\Porto\\Portfolio 3\\pss_newsite\\vendor\\laravel\\framework\\src\\Illuminate\\Foundation\\Http\\Middleware\\InvokeDeferredCallbacks.php(22): Illuminate\\Pipeline\\Pipeline->{closure:{closure:Illuminate\\Pipeline\\Pipeline::carry():194}:195}()\n#61 D:\\Kuliah\\Cari Kerja\\Porto\\Portfolio 3\\pss_newsite\\vendor\\laravel\\framework\\src\\Illuminate\\Pipeline\\Pipeline.php(219): Illuminate\\Foundation\\Http\\Middleware\\InvokeDeferredCallbacks->handle()\n#62 D:\\Kuliah\\Cari Kerja\\Porto\\Portfolio 3\\pss_newsite\\vendor\\laravel\\framework\\src\\Illuminate\\Http\\Middleware\\ValidatePathEncoding.php(28): Illuminate\\Pipeline\\Pipeline->{closure:{closure:Illuminate\\Pipeline\\Pipeline::carry():194}:195}()\n#63 D:\\Kuliah\\Cari Kerja\\Porto\\Portfolio 3\\pss_newsite\\vendor\\laravel\\framework\\src\\Illuminate\\Pipeline\\Pipeline.php(219): Illuminate\\Http\\Middleware\\ValidatePathEncoding->handle()\n#64 D:\\Kuliah\\Cari Kerja\\Porto\\Portfolio 3\\pss_newsite\\vendor\\laravel\\framework\\src\\Illuminate\\Pipeline\\Pipeline.php(137): Illuminate\\Pipeline\\Pipeline->{closure:{closure:Illuminate\\Pipeline\\Pipeline::carry():194}:195}()\n#65 D:\\Kuliah\\Cari Kerja\\Porto\\Portfolio 3\\pss_newsite\\vendor\\laravel\\framework\\src\\Illuminate\\Foundation\\Http\\Kernel.php(175): Illuminate\\Pipeline\\Pipeline->then()\n#66 D:\\Kuliah\\Cari Kerja\\Porto\\Portfolio 3\\pss_newsite\\vendor\\laravel\\framework\\src\\Illuminate\\Foundation\\Http\\Kernel.php(144): Illuminate\\Foundation\\Http\\Kernel->sendRequestThroughRouter()\n#67 D:\\Kuliah\\Cari Kerja\\Porto\\Portfolio 3\\pss_newsite\\vendor\\laravel\\framework\\src\\Illuminate\\Foundation\\Testing\\Concerns\\MakesHttpRequests.php(607): Illuminate\\Foundation\\Http\\Kernel->handle()\n#68 D:\\Kuliah\\Cari Kerja\\Porto\\Portfolio 3\\pss_newsite\\vendor\\laravel\\framework\\src\\Illuminate\\Foundation\\Testing\\Concerns\\MakesHttpRequests.php(368): Illuminate\\Foundation\\Testing\\TestCase->call()\n#69 D:\\Kuliah\\Cari Kerja\\Porto\\Portfolio 3\\pss_newsite\\tests\\Feature\\ExampleTest.php(4): Illuminate\\Foundation\\Testing\\TestCase->get()\n#70 D:\\Kuliah\\Cari Kerja\\Porto\\Portfolio 3\\pss_newsite\\vendor\\pestphp\\pest\\src\\Factories\\TestCaseMethodFactory.php(177): P\\Tests\\Feature\\ExampleTest->{closure:D:\\Kuliah\\Cari Kerja\\Porto\\Portfolio 3\\pss_newsite\\tests\\Feature\\ExampleTest.php:3}()\n#71 [internal function]: P\\Tests\\Feature\\ExampleTest->{closure:Pest\\Factories\\TestCaseMethodFactory::getClosure():167}()\n#72 D:\\Kuliah\\Cari Kerja\\Porto\\Portfolio 3\\pss_newsite\\vendor\\pestphp\\pest\\src\\Concerns\\Testable.php(509): call_user_func_array()\n#73 D:\\Kuliah\\Cari Kerja\\Porto\\Portfolio 3\\pss_newsite\\vendor\\pestphp\\pest\\src\\Support\\ExceptionTrace.php(26): P\\Tests\\Feature\\ExampleTest->{closure:Pest\\Concerns\\Testable::__callClosure():509}()\n#74 D:\\Kuliah\\Cari Kerja\\Porto\\Portfolio 3\\pss_newsite\\vendor\\pestphp\\pest\\src\\Concerns\\Testable.php(509): Pest\\Support\\ExceptionTrace::ensure()\n#75 D:\\Kuliah\\Cari Kerja\\Porto\\Portfolio 3\\pss_newsite\\vendor\\pestphp\\pest\\src\\Concerns\\Testable.php(336): P\\Tests\\Feature\\ExampleTest->__callClosure()\n#76 D:\\Kuliah\\Cari Kerja\\Porto\\Portfolio 3\\pss_newsite\\vendor\\pestphp\\pest\\src\\Factories\\TestCaseFactory.php(175) : eval()'d code(17): P\\Tests\\Feature\\ExampleTest->__runTest()\n#77 D:\\Kuliah\\Cari Kerja\\Porto\\Portfolio 3\\pss_newsite\\vendor\\phpunit\\phpunit\\src\\Framework\\TestCase.php(1335): P\\Tests\\Feature\\ExampleTest->__pest_evaluable_returns_a_successful_response()\n#78 D:\\Kuliah\\Cari Kerja\\Porto\\Portfolio 3\\pss_newsite\\vendor\\phpunit\\phpunit\\src\\Framework\\TestCase.php(519): PHPUnit\\Framework\\TestCase->runTest()\n#79 D:\\Kuliah\\Cari Kerja\\Porto\\Portfolio 3\\pss_newsite\\vendor\\phpunit\\phpunit\\src\\Framework\\TestRunner\\TestRunner.php(99): PHPUnit\\Framework\\TestCase->runBare()\n#80 D:\\Kuliah\\Cari Kerja\\Porto\\Portfolio 3\\pss_newsite\\vendor\\phpunit\\phpunit\\src\\Framework\\TestCase.php(359): PHPUnit\\Framework\\TestRunner->run()\n#81 D:\\Kuliah\\Cari Kerja\\Porto\\Portfolio 3\\pss_newsite\\vendor\\phpunit\\phpunit\\src\\Framework\\TestSuite.php(374): PHPUnit\\Framework\\TestCase->run()\n#82 D:\\Kuliah\\Cari Kerja\\Porto\\Portfolio 3\\pss_newsite\\vendor\\phpunit\\phpunit\\src\\Framework\\TestSuite.php(374): PHPUnit\\Framework\\TestSuite->run()\n#83 D:\\Kuliah\\Cari Kerja\\Porto\\Portfolio 3\\pss_newsite\\vendor\\phpunit\\phpunit\\src\\Framework\\TestSuite.php(374): PHPUnit\\Framework\\TestSuite->run()\n#84 D:\\Kuliah\\Cari Kerja\\Porto\\Portfolio 3\\pss_newsite\\vendor\\phpunit\\phpunit\\src\\TextUI\\TestRunner.php(64): PHPUnit\\Framework\\TestSuite->run()\n#85 D:\\Kuliah\\Cari Kerja\\Porto\\Portfolio 3\\pss_newsite\\vendor\\phpunit\\phpunit\\src\\TextUI\\Application.php(229): PHPUnit\\TextUI\\TestRunner->run()\n#86 D:\\Kuliah\\Cari Kerja\\Porto\\Portfolio 3\\pss_newsite\\vendor\\pestphp\\pest\\src\\Kernel.php(103): PHPUnit\\TextUI\\Application->run()\n#87 D:\\Kuliah\\Cari Kerja\\Porto\\Portfolio 3\\pss_newsite\\vendor\\pestphp\\pest\\bin\\pest(195): Pest\\Kernel->handle()\n#88 D:\\Kuliah\\Cari Kerja\\Porto\\Portfolio 3\\pss_newsite\\vendor\\pestphp\\pest\\bin\\pest(203): {closure:D:\\Kuliah\\Cari Kerja\\Porto\\Portfolio 3\\pss_newsite\\vendor\\pestphp\\pest\\bin\\pest:19}()\n#89 {main}\n\nNext Illuminate\\Database\\QueryException: SQLSTATE[HY000]: General error: 1 no such table: players (Connection: sqlite, Database: :memory:, SQL: select * from \"players\" order by RANDOM() limit 4) in D:\\Kuliah\\Cari Kerja\\Porto\\Portfolio 3\\pss_newsite\\vendor\\laravel\\framework\\src\\Illuminate\\Database\\Connection.php:841\nStack trace:\n#0 D:\\Kuliah\\Cari Kerja\\Porto\\Portfolio 3\\pss_newsite\\vendor\\laravel\\framework\\src\\Illuminate\\Database\\Connection.php(797): Illuminate\\Database\\Connection->runQueryCallback()\n#1 D:\\Kuliah\\Cari Kerja\\Porto\\Portfolio 3\\pss_newsite\\vendor\\laravel\\framework\\src\\Illuminate\\Database\\Connection.php(412): Illuminate\\Database\\Connection->run()\n#2 D:\\Kuliah\\Cari Kerja\\Porto\\Portfolio 3\\pss_newsite\\vendor\\laravel\\framework\\src\\Illuminate\\Database\\Query\\Builder.php(3562): Illuminate\\Database\\Connection->select()\n#3 D:\\Kuliah\\Cari Kerja\\Porto\\Portfolio 3\\pss_newsite\\vendor\\laravel\\framework\\src\\Illuminate\\Database\\Query\\Builder.php(3546): Illuminate\\Database\\Query\\Builder->runSelect()\n#4 D:\\Kuliah\\Cari Kerja\\Porto\\Portfolio 3\\pss_newsite\\vendor\\laravel\\framework\\src\\Illuminate\\Database\\Eloquent\\Builder.php(907): Illuminate\\Database\\Query\\Builder->get()\n#5 D:\\Kuliah\\Cari Kerja\\Porto\\Portfolio 3\\pss_newsite\\vendor\\laravel\\framework\\src\\Illuminate\\Database\\Eloquent\\Builder.php(889): Illuminate\\Database\\Eloquent\\Builder->getModels()\n#6 D:\\Kuliah\\Cari Kerja\\Porto\\Portfolio 3\\pss_newsite\\app\\Http\\Controllers\\HomeController.php(15): Illuminate\\Database\\Eloquent\\Builder->get()\n#7 D:\\Kuliah\\Cari Kerja\\Porto\\Portfolio 3\\pss_newsite\\vendor\\laravel\\framework\\src\\Illuminate\\Cache\\Repository.php(562): App\\Http\\Controllers\\HomeController->{closure:App\\Http\\Controllers\\HomeController::__invoke():15}()\n#8 D:\\Kuliah\\Cari Kerja\\Porto\\Portfolio 3\\pss_newsite\\vendor\\laravel\\framework\\src\\Illuminate\\Cache\\CacheManager.php(584): Illuminate\\Cache\\Repository->remember()\n#9 D:\\Kuliah\\Cari Kerja\\Porto\\Portfolio 3\\pss_newsite\\vendor\\laravel\\framework\\src\\Illuminate\\Support\\Facades\\Facade.php(363): Illuminate\\Cache\\CacheManager->__call()\n#10 D:\\Kuliah\\Cari Kerja\\Porto\\Portfolio 3\\pss_newsite\\app\\Http\\Controllers\\HomeController.php(15): Illuminate\\Support\\Facades\\Facade::__callStatic()\n#11 D:\\Kuliah\\Cari Kerja\\Porto\\Portfolio 3\\pss_newsite\\vendor\\laravel\\framework\\src\\Illuminate\\Routing\\ControllerDispatcher.php(46): App\\Http\\Controllers\\HomeController->__invoke()\n#12 D:\\Kuliah\\Cari Kerja\\Porto\\Portfolio 3\\pss_newsite\\vendor\\laravel\\framework\\src\\Illuminate\\Routing\\Route.php(269): Illuminate\\Routing\\ControllerDispatcher->dispatch()\n#13 D:\\Kuliah\\Cari Kerja\\Porto\\Portfolio 3\\pss_newsite\\vendor\\laravel\\framework\\src\\Illuminate\\Routing\\Route.php(215): Illuminate\\Routing\\Route->runController()\n#14 D:\\Kuliah\\Cari Kerja\\Porto\\Portfolio 3\\pss_newsite\\vendor\\laravel\\framework\\src\\Illuminate\\Routing\\Router.php(822): Illuminate\\Routing\\Route->run()\n#15 D:\\Kuliah\\Cari Kerja\\Porto\\Portfolio 3\\pss_newsite\\vendor\\laravel\\framework\\src\\Illuminate\\Pipeline\\Pipeline.php(180): Illuminate\\Routing\\Router->{closure:Illuminate\\Routing\\Router::runRouteWithinStack():821}()\n#16 D:\\Kuliah\\Cari Kerja\\Porto\\Portfolio 3\\pss_newsite\\vendor\\laravel\\framework\\src\\Illuminate\\Http\\Middleware\\AddLinkHeadersForPreloadedAssets.php(32): Illuminate\\Pipeline\\Pipeline->{closure:Illuminate\\Pipeline\\Pipeline::prepareDestination():178}()\n#17 D:\\Kuliah\\Cari Kerja\\Porto\\Portfolio 3\\pss_newsite\\vendor\\laravel\\framework\\src\\Illuminate\\Pipeline\\Pipeline.php(219): Illuminate\\Http\\Middleware\\AddLinkHeadersForPreloadedAssets->handle()\n#18 D:\\Kuliah\\Cari Kerja\\Porto\\Portfolio 3\\pss_newsite\\vendor\\inertiajs\\inertia-laravel\\src\\Middleware.php(138): Illuminate\\Pipeline\\Pipeline->{closure:{closure:Illuminate\\Pipeline\\Pipeline::carry():194}:195}()\n#19 D:\\Kuliah\\Cari Kerja\\Porto\\Portfolio 3\\pss_newsite\\vendor\\laravel\\framework\\src\\Illuminate\\Pipeline\\Pipeline.php(219): Inertia\\Middleware->handle()\n#20 D:\\Kuliah\\Cari Kerja\\Porto\\Portfolio 3\\pss_newsite\\app\\Http\\Middleware\\HandleAppearance.php(21): Illuminate\\Pipeline\\Pipeline->{closure:{closure:Illuminate\\Pipeline\\Pipeline::carry():194}:195}()\n#21 D:\\Kuliah\\Cari Kerja\\Porto\\Portfolio 3\\pss_newsite\\vendor\\laravel\\framework\\src\\Illuminate\\Pipeline\\Pipeline.php(219): App\\Http\\Middleware\\HandleAppearance->handle()\n#22 D:\\Kuliah\\Cari Kerja\\Porto\\Portfolio 3\\pss_newsite\\vendor\\laravel\\framework\\src\\Illuminate\\Routing\\Middleware\\SubstituteBindings.php(52): Illuminate\\Pipeline\\Pipeline->{closure:{closure:Illuminate\\Pipeline\\Pipeline::carry():194}:195}()\n#23 D:\\Kuliah\\Cari Kerja\\Porto\\Portfolio 3\\pss_newsite\\vendor\\laravel\\framework\\src\\Illuminate\\Pipeline\\Pipeline.php(219): Illuminate\\Routing\\Middleware\\SubstituteBindings->handle()\n#24 D:\\Kuliah\\Cari Kerja\\Porto\\Portfolio 3\\pss_newsite\\vendor\\laravel\\framework\\src\\Illuminate\\Foundation\\Http\\Middleware\\PreventRequestForgery.php(104): Illuminate\\Pipeline\\Pipeline->{closure:{closure:Illuminate\\Pipeline\\Pipeline::carry():194}:195}()\n#25 D:\\Kuliah\\Cari Kerja\\Porto\\Portfolio 3\\pss_newsite\\vendor\\laravel\\framework\\src\\Illuminate\\Pipeline\\Pipeline.php(219): Illuminate\\Foundation\\Http\\Middleware\\PreventRequestForgery->handle()\n#26 D:\\Kuliah\\Cari Kerja\\Porto\\Portfolio 3\\pss_newsite\\vendor\\laravel\\framework\\src\\Illuminate\\View\\Middleware\\ShareErrorsFromSession.php(48): Illuminate\\Pipeline\\Pipeline->{closure:{closure:Illuminate\\Pipeline\\Pipeline::carry():194}:195}()\n#27 D:\\Kuliah\\Cari Kerja\\Porto\\Portfolio 3\\pss_newsite\\vendor\\laravel\\framework\\src\\Illuminate\\Pipeline\\Pipeline.php(219): Illuminate\\View\\Middleware\\ShareErrorsFromSession->handle()\n#28 D:\\Kuliah\\Cari Kerja\\Porto\\Portfolio 3\\pss_newsite\\vendor\\laravel\\framework\\src\\Illuminate\\Session\\Middleware\\StartSession.php(120): Illuminate\\Pipeline\\Pipeline->{closure:{closure:Illuminate\\Pipeline\\Pipeline::carry():194}:195}()\n#29 D:\\Kuliah\\Cari Kerja\\Porto\\Portfolio 3\\pss_newsite\\vendor\\laravel\\framework\\src\\Illuminate\\Session\\Middleware\\StartSession.php(63): Illuminate\\Session\\Middleware\\StartSession->handleStatefulRequest()\n#30 D:\\Kuliah\\Cari Kerja\\Porto\\Portfolio 3\\pss_newsite\\vendor\\laravel\\framework\\src\\Illuminate\\Pipeline\\Pipeline.php(219): Illuminate\\Session\\Middleware\\StartSession->handle()\n#31 D:\\Kuliah\\Cari Kerja\\Porto\\Portfolio 3\\pss_newsite\\vendor\\laravel\\framework\\src\\Illuminate\\Cookie\\Middleware\\AddQueuedCookiesToResponse.php(36): Illuminate\\Pipeline\\Pipeline->{closure:{closure:Illuminate\\Pipeline\\Pipeline::carry():194}:195}()\n#32 D:\\Kuliah\\Cari Kerja\\Porto\\Portfolio 3\\pss_newsite\\vendor\\laravel\\framework\\src\\Illuminate\\Pipeline\\Pipeline.php(219): Illuminate\\Cookie\\Middleware\\AddQueuedCookiesToResponse->handle()\n#33 D:\\Kuliah\\Cari Kerja\\Porto\\Portfolio 3\\pss_newsite\\vendor\\laravel\\framework\\src\\Illuminate\\Cookie\\Middleware\\EncryptCookies.php(74): Illuminate\\Pipeline\\Pipeline->{closure:{closure:Illuminate\\Pipeline\\Pipeline::carry():194}:195}()\n#34 D:\\Kuliah\\Cari Kerja\\Porto\\Portfolio 3\\pss_newsite\\vendor\\laravel\\framework\\src\\Illuminate\\Pipeline\\Pipeline.php(219): Illuminate\\Cookie\\Middleware\\EncryptCookies->handle()\n#35 D:\\Kuliah\\Cari Kerja\\Porto\\Portfolio 3\\pss_newsite\\vendor\\laravel\\framework\\src\\Illuminate\\Pipeline\\Pipeline.php(137): Illuminate\\Pipeline\\Pipeline->{closure:{closure:Illuminate\\Pipeline\\Pipeline::carry():194}:195}()\n#36 D:\\Kuliah\\Cari Kerja\\Porto\\Portfolio 3\\pss_newsite\\vendor\\laravel\\framework\\src\\Illuminate\\Routing\\Router.php(821): Illuminate\\Pipeline\\Pipeline->then()\n#37 D:\\Kuliah\\Cari Kerja\\Porto\\Portfolio 3\\pss_newsite\\vendor\\laravel\\framework\\src\\Illuminate\\Routing\\Router.php(800): Illuminate\\Routing\\Router->runRouteWithinStack()\n#38 D:\\Kuliah\\Cari Kerja\\Porto\\Portfolio 3\\pss_newsite\\vendor\\laravel\\framework\\src\\Illuminate\\Routing\\Router.php(764): Illuminate\\Routing\\Router->runRoute()\n#39 D:\\Kuliah\\Cari Kerja\\Porto\\Portfolio 3\\pss_newsite\\vendor\\laravel\\framework\\src\\Illuminate\\Routing\\Router.php(753): Illuminate\\Routing\\Router->dispatchToRoute()\n#40 D:\\Kuliah\\Cari Kerja\\Porto\\Portfolio 3\\pss_newsite\\vendor\\laravel\\framework\\src\\Illuminate\\Foundation\\Http\\Kernel.php(200): Illuminate\\Routing\\Router->dispatch()\n#41 D:\\Kuliah\\Cari Kerja\\Porto\\Portfolio 3\\pss_newsite\\vendor\\laravel\\framework\\src\\Illuminate\\Pipeline\\Pipeline.php(180): Illuminate\\Foundation\\Http\\Kernel->{closure:Illuminate\\Foundation\\Http\\Kernel::dispatchToRouter():197}()\n#42 D:\\Kuliah\\Cari Kerja\\Porto\\Portfolio 3\\pss_newsite\\vendor\\inertiajs\\inertia-laravel\\src\\Middleware\\EnsureGetOnRedirect.php(19): Illuminate\\Pipeline\\Pipeline->{closure:Illuminate\\Pipeline\\Pipeline::prepareDestination():178}()\n#43 D:\\Kuliah\\Cari Kerja\\Porto\\Portfolio 3\\pss_newsite\\vendor\\laravel\\framework\\src\\Illuminate\\Pipeline\\Pipeline.php(219): Inertia\\Middleware\\EnsureGetOnRedirect->handle()\n#44 D:\\Kuliah\\Cari Kerja\\Porto\\Portfolio 3\\pss_newsite\\vendor\\laravel\\framework\\src\\Illuminate\\Foundation\\Http\\Middleware\\TransformsRequest.php(21): Illuminate\\Pipeline\\Pipeline->{closure:{closure:Illuminate\\Pipeline\\Pipeline::carry():194}:195}()\n#45 D:\\Kuliah\\Cari Kerja\\Porto\\Portfolio 3\\pss_newsite\\vendor\\laravel\\framework\\src\\Illuminate\\Foundation\\Http\\Middleware\\ConvertEmptyStringsToNull.php(31): Illuminate\\Foundation\\Http\\Middleware\\TransformsRequest->handle()\n#46 D:\\Kuliah\\Cari Kerja\\Porto\\Portfolio 3\\pss_newsite\\vendor\\laravel\\framework\\src\\Illuminate\\Pipeline\\Pipeline.php(219): Illuminate\\Foundation\\Http\\Middleware\\ConvertEmptyStringsToNull->handle()\n#47 D:\\Kuliah\\Cari Kerja\\Porto\\Portfolio 3\\pss_newsite\\vendor\\laravel\\framework\\src\\Illuminate\\Foundation\\Http\\Middleware\\TransformsRequest.php(21): Illuminate\\Pipeline\\Pipeline->{closure:{closure:Illuminate\\Pipeline\\Pipeline::carry():194}:195}()\n#48 D:\\Kuliah\\Cari Kerja\\Porto\\Portfolio 3\\pss_newsite\\vendor\\laravel\\framework\\src\\Illuminate\\Foundation\\Http\\Middleware\\TrimStrings.php(51): Illuminate\\Foundation\\Http\\Middleware\\TransformsRequest->handle()\n#49 D:\\Kuliah\\Cari Kerja\\Porto\\Portfolio 3\\pss_newsite\\vendor\\laravel\\framework\\src\\Illuminate\\Pipeline\\Pipeline.php(219): Illuminate\\Foundation\\Http\\Middleware\\TrimStrings->handle()\n#50 D:\\Kuliah\\Cari Kerja\\Porto\\Portfolio 3\\pss_newsite\\vendor\\laravel\\framework\\src\\Illuminate\\Http\\Middleware\\ValidatePostSize.php(27): Illuminate\\Pipeline\\Pipeline->{closure:{closure:Illuminate\\Pipeline\\Pipeline::carry():194}:195}()\n#51 D:\\Kuliah\\Cari Kerja\\Porto\\Portfolio 3\\pss_newsite\\vendor\\laravel\\framework\\src\\Illuminate\\Pipeline\\Pipeline.php(219): Illuminate\\Http\\Middleware\\ValidatePostSize->handle()\n#52 D:\\Kuliah\\Cari Kerja\\Porto\\Portfolio 3\\pss_newsite\\vendor\\laravel\\framework\\src\\Illuminate\\Foundation\\Http\\Middleware\\PreventRequestsDuringMaintenance.php(109): Illuminate\\Pipeline\\Pipeline->{closure:{closure:Illuminate\\Pipeline\\Pipeline::carry():194}:195}()\n#53 D:\\Kuliah\\Cari Kerja\\Porto\\Portfolio 3\\pss_newsite\\vendor\\laravel\\framework\\src\\Illuminate\\Pipeline\\Pipeline.php(219): Illuminate\\Foundation\\Http\\Middleware\\PreventRequestsDuringMaintenance->handle()\n#54 D:\\Kuliah\\Cari Kerja\\Porto\\Portfolio 3\\pss_newsite\\vendor\\laravel\\framework\\src\\Illuminate\\Http\\Middleware\\HandleCors.php(61): Illuminate\\Pipeline\\Pipeline->{closure:{closure:Illuminate\\Pipeline\\Pipeline::carry():194}:195}()\n#55 D:\\Kuliah\\Cari Kerja\\Porto\\Portfolio 3\\pss_newsite\\vendor\\laravel\\framework\\src\\Illuminate\\Pipeline\\Pipeline.php(219): Illuminate\\Http\\Middleware\\HandleCors->handle()\n#56 D:\\Kuliah\\Cari Kerja\\Porto\\Portfolio 3\\pss_newsite\\vendor\\laravel\\framework\\src\\Illuminate\\Http\\Middleware\\TrustProxies.php(58): Illuminate\\Pipeline\\Pipeline->{closure:{closure:Illuminate\\Pipeline\\Pipeline::carry():194}:195}()\n#57 D:\\Kuliah\\Cari Kerja\\Porto\\Portfolio 3\\pss_newsite\\vendor\\laravel\\framework\\src\\Illuminate\\Pipeline\\Pipeline.php(219): Illuminate\\Http\\Middleware\\TrustProxies->handle()\n#58 D:\\Kuliah\\Cari Kerja\\Porto\\Portfolio 3\\pss_newsite\\vendor\\laravel\\framework\\src\\Illuminate\\Foundation\\Http\\Middleware\\InvokeDeferredCallbacks.php(22): Illuminate\\Pipeline\\Pipeline->{closure:{closure:Illuminate\\Pipeline\\Pipeline::carry():194}:195}()\n#59 D:\\Kuliah\\Cari Kerja\\Porto\\Portfolio 3\\pss_newsite\\vendor\\laravel\\framework\\src\\Illuminate\\Pipeline\\Pipeline.php(219): Illuminate\\Foundation\\Http\\Middleware\\InvokeDeferredCallbacks->handle()\n#60 D:\\Kuliah\\Cari Kerja\\Porto\\Portfolio 3\\pss_newsite\\vendor\\laravel\\framework\\src\\Illuminate\\Http\\Middleware\\ValidatePathEncoding.php(28): Illuminate\\Pipeline\\Pipeline->{closure:{closure:Illuminate\\Pipeline\\Pipeline::carry():194}:195}()\n#61 D:\\Kuliah\\Cari Kerja\\Porto\\Portfolio 3\\pss_newsite\\vendor\\laravel\\framework\\src\\Illuminate\\Pipeline\\Pipeline.php(219): Illuminate\\Http\\Middleware\\ValidatePathEncoding->handle()\n#62 D:\\Kuliah\\Cari Kerja\\Porto\\Portfolio 3\\pss_newsite\\vendor\\laravel\\framework\\src\\Illuminate\\Pipeline\\Pipeline.php(137): Illuminate\\Pipeline\\Pipeline->{closure:{closure:Illuminate\\Pipeline\\Pipeline::carry():194}:195}()\n#63 D:\\Kuliah\\Cari Kerja\\Porto\\Portfolio 3\\pss_newsite\\vendor\\laravel\\framework\\src\\Illuminate\\Foundation\\Http\\Kernel.php(175): Illuminate\\Pipeline\\Pipeline->then()\n#64 D:\\Kuliah\\Cari Kerja\\Porto\\Portfolio 3\\pss_newsite\\vendor\\laravel\\framework\\src\\Illuminate\\Foundation\\Http\\Kernel.php(144): Illuminate\\Foundation\\Http\\Kernel->sendRequestThroughRouter()\n#65 D:\\Kuliah\\Cari Kerja\\Porto\\Portfolio 3\\pss_newsite\\vendor\\laravel\\framework\\src\\Illuminate\\Foundation\\Testing\\Concerns\\MakesHttpRequests.php(607): Illuminate\\Foundation\\Http\\Kernel->handle()\n#66 D:\\Kuliah\\Cari Kerja\\Porto\\Portfolio 3\\pss_newsite\\vendor\\laravel\\framework\\src\\Illuminate\\Foundation\\Testing\\Concerns\\MakesHttpRequests.php(368): Illuminate\\Foundation\\Testing\\TestCase->call()\n#67 D:\\Kuliah\\Cari Kerja\\Porto\\Portfolio 3\\pss_newsite\\tests\\Feature\\ExampleTest.php(4): Illuminate\\Foundation\\Testing\\TestCase->get()\n#68 D:\\Kuliah\\Cari Kerja\\Porto\\Portfolio 3\\pss_newsite\\vendor\\pestphp\\pest\\src\\Factories\\TestCaseMethodFactory.php(177): P\\Tests\\Feature\\ExampleTest->{closure:D:\\Kuliah\\Cari Kerja\\Porto\\Portfolio 3\\pss_newsite\\tests\\Feature\\ExampleTest.php:3}()\n#69 [internal function]: P\\Tests\\Feature\\ExampleTest->{closure:Pest\\Factories\\TestCaseMethodFactory::getClosure():167}()\n#70 D:\\Kuliah\\Cari Kerja\\Porto\\Portfolio 3\\pss_newsite\\vendor\\pestphp\\pest\\src\\Concerns\\Testable.php(509): call_user_func_array()\n#71 D:\\Kuliah\\Cari Kerja\\Porto\\Portfolio 3\\pss_newsite\\vendor\\pestphp\\pest\\src\\Support\\ExceptionTrace.php(26): P\\Tests\\Feature\\ExampleTest->{closure:Pest\\Concerns\\Testable::__callClosure():509}()\n#72 D:\\Kuliah\\Cari Kerja\\Porto\\Portfolio 3\\pss_newsite\\vendor\\pestphp\\pest\\src\\Concerns\\Testable.php(509): Pest\\Support\\ExceptionTrace::ensure()\n#73 D:\\Kuliah\\Cari Kerja\\Porto\\Portfolio 3\\pss_newsite\\vendor\\pestphp\\pest\\src\\Concerns\\Testable.php(336): P\\Tests\\Feature\\ExampleTest->__callClosure()\n#74 D:\\Kuliah\\Cari Kerja\\Porto\\Portfolio 3\\pss_newsite\\vendor\\pestphp\\pest\\src\\Factories\\TestCaseFactory.php(175) : eval()'d code(17): P\\Tests\\Feature\\ExampleTest->__runTest()\n#75 D:\\Kuliah\\Cari Kerja\\Porto\\Portfolio 3\\pss_newsite\\vendor\\phpunit\\phpunit\\src\\Framework\\TestCase.php(1335): P\\Tests\\Feature\\ExampleTest->__pest_evaluable_returns_a_successful_response()\n#76 D:\\Kuliah\\Cari Kerja\\Porto\\Portfolio 3\\pss_newsite\\vendor\\phpunit\\phpunit\\src\\Framework\\TestCase.php(519): PHPUnit\\Framework\\TestCase->runTest()\n#77 D:\\Kuliah\\Cari Kerja\\Porto\\Portfolio 3\\pss_newsite\\vendor\\phpunit\\phpunit\\src\\Framework\\TestRunner\\TestRunner.php(99): PHPUnit\\Framework\\TestCase->runBare()\n#78 D:\\Kuliah\\Cari Kerja\\Porto\\Portfolio 3\\pss_newsite\\vendor\\phpunit\\phpunit\\src\\Framework\\TestCase.php(359): PHPUnit\\Framework\\TestRunner->run()\n#79 D:\\Kuliah\\Cari Kerja\\Porto\\Portfolio 3\\pss_newsite\\vendor\\phpunit\\phpunit\\src\\Framework\\TestSuite.php(374): PHPUnit\\Framework\\TestCase->run()\n#80 D:\\Kuliah\\Cari Kerja\\Porto\\Portfolio 3\\pss_newsite\\vendor\\phpunit\\phpunit\\src\\Framework\\TestSuite.php(374): PHPUnit\\Framework\\TestSuite->run()\n#81 D:\\Kuliah\\Cari Kerja\\Porto\\Portfolio 3\\pss_newsite\\vendor\\phpunit\\phpunit\\src\\Framework\\TestSuite.php(374): PHPUnit\\Framework\\TestSuite->run()\n#82 D:\\Kuliah\\Cari Kerja\\Porto\\Portfolio 3\\pss_newsite\\vendor\\phpunit\\phpunit\\src\\TextUI\\TestRunner.php(64): PHPUnit\\Framework\\TestSuite->run()\n#83 D:\\Kuliah\\Cari Kerja\\Porto\\Portfolio 3\\pss_newsite\\vendor\\phpunit\\phpunit\\src\\TextUI\\Application.php(229): PHPUnit\\TextUI\\TestRunner->run()\n#84 D:\\Kuliah\\Cari Kerja\\Porto\\Portfolio 3\\pss_newsite\\vendor\\pestphp\\pest\\src\\Kernel.php(103): PHPUnit\\TextUI\\Application->run()\n#85 D:\\Kuliah\\Cari Kerja\\Porto\\Portfolio 3\\pss_newsite\\vendor\\pestphp\\pest\\bin\\pest(195): Pest\\Kernel->handle()\n#86 D:\\Kuliah\\Cari Kerja\\Porto\\Portfolio 3\\pss_newsite\\vendor\\pestphp\\pest\\bin\\pest(203): {closure:D:\\Kuliah\\Cari Kerja\\Porto\\Portfolio 3\\pss_newsite\\vendor\\pestphp\\pest\\bin\\pest:19}()\n#87 {main}\r\n\r\n----------------------------------------------------------------------------------\r\n\r\nSQLSTATE[HY000]: General error: 1 no such table: players (Connection: sqlite, Database: :memory:, SQL: select * from \"players\" order by RANDOM() limit 4)"}],"errors":31,"error_details":[{"test":"P\\Tests\\Feature\\Auth\\AuthenticationTest::__pest_evaluable_users_can_authenticate_using_the_login_screen","file":"3\\pss_newsite\\vendor\\laravel\\framework\\src\\Illuminate\\Database\\Connection.php","line":581,"message":"SQLSTATE[HY000]: General error: 1 no such table: users (Connection: sqlite, Database: :memory:, SQL: insert into \"users\" (\"name\", \"email\", \"email_verified_at\", \"password\", \"remember_token\", \"two_factor_secret\", \"two_factor_recovery_codes\", \"two_factor_confirmed_at\", \"updated_at\", \"created_at\") values (Landen Price, khermann@example.org, 2026-06-11 17:35:43, $2y$04$TsOGGuUzSH6IhNTpM5ckHeVfpcHqDUm1bQmlMbM9OAk92xBEPUJ2i, Dq1H9G870O, ?, ?, ?, 2026-06-11 17:35:43, 2026-06-11 17:35:43))"},{"test":"P\\Tests\\Feature\\Auth\\AuthenticationTest::__pest_evaluable_users_with_two_factor_enabled_are_redirected_to_two_factor_challenge","file":"3\\pss_newsite\\vendor\\laravel\\framework\\src\\Illuminate\\Database\\Connection.php","line":581,"message":"SQLSTATE[HY000]: General error: 1 no such table: users (Connection: sqlite, Database: :memory:, SQL: insert into \"users\" (\"name\", \"email\", \"email_verified_at\", \"password\", \"remember_token\", \"two_factor_secret\", \"two_factor_recovery_codes\", \"two_factor_confirmed_at\", \"updated_at\", \"created_at\") values (Houston Willms, demetrius.tillman@example.org, 2026-06-11 17:35:43, $2y$04$TsOGGuUzSH6IhNTpM5ckHeVfpcHqDUm1bQmlMbM9OAk92xBEPUJ2i, 7aVWPc6l3Z, ?, ?, ?, 2026-06-11 17:35:43, 2026-06-11 17:35:43))"},{"test":"P\\Tests\\Feature\\Auth\\AuthenticationTest::__pest_evaluable_users_can_not_authenticate_with_invalid_password","file":"3\\pss_newsite\\vendor\\laravel\\framework\\src\\Illuminate\\Database\\Connection.php","line":581,"message":"SQLSTATE[HY000]: General error: 1 no such table: users (Connection: sqlite, Database: :memory:, SQL: insert into \"users\" (\"name\", \"email\", \"email_verified_at\", \"password\", \"remember_token\", \"two_factor_secret\", \"two_factor_recovery_codes\", \"two_factor_confirmed_at\", \"updated_at\", \"created_at\") values (Jaren Howe Sr., stanley90@example.com, 2026-06-11 17:35:43, $2y$04$TsOGGuUzSH6IhNTpM5ckHeVfpcHqDUm1bQmlMbM9OAk92xBEPUJ2i, Nfe77ENx9z, ?, ?, ?, 2026-06-11 17:35:43, 2026-06-11 17:35:43))"},{"test":"P\\Tests\\Feature\\Auth\\AuthenticationTest::__pest_evaluable_users_can_logout","file":"3\\pss_newsite\\vendor\\laravel\\framework\\src\\Illuminate\\Database\\Connection.php","line":581,"message":"SQLSTATE[HY000]: General error: 1 no such table: users (Connection: sqlite, Database: :memory:, SQL: insert into \"users\" (\"name\", \"email\", \"email_verified_at\", \"password\", \"remember_token\", \"two_factor_secret\", \"two_factor_recovery_codes\", \"two_factor_confirmed_at\", \"updated_at\", \"created_at\") values (Hilario Kozey, uaufderhar@example.net, 2026-06-11 17:35:43, $2y$04$TsOGGuUzSH6IhNTpM5ckHeVfpcHqDUm1bQmlMbM9OAk92xBEPUJ2i, APUcWfFK9g, ?, ?, ?, 2026-06-11 17:35:43, 2026-06-11 17:35:43))"},{"test":"P\\Tests\\Feature\\Auth\\AuthenticationTest::__pest_evaluable_users_are_rate_limited","file":"3\\pss_newsite\\vendor\\laravel\\framework\\src\\Illuminate\\Database\\Connection.php","line":581,"message":"SQLSTATE[HY000]: General error: 1 no such table: users (Connection: sqlite, Database: :memory:, SQL: insert into \"users\" (\"name\", \"email\", \"email_verified_at\", \"password\", \"remember_token\", \"two_factor_secret\", \"two_factor_recovery_codes\", \"two_factor_confirmed_at\", \"updated_at\", \"created_at\") values (Gustave Schiller Jr., zkertzmann@example.com, 2026-06-11 17:35:43, $2y$04$TsOGGuUzSH6IhNTpM5ckHeVfpcHqDUm1bQmlMbM9OAk92xBEPUJ2i, h5MyQDovVv, ?, ?, ?, 2026-06-11 17:35:43, 2026-06-11 17:35:43))"},{"test":"P\\Tests\\Feature\\Auth\\EmailVerificationTest::__pest_evaluable_email_verification_screen_can_be_rendered","file":"3\\pss_newsite\\vendor\\laravel\\framework\\src\\Illuminate\\Database\\Connection.php","line":581,"message":"SQLSTATE[HY000]: General error: 1 no such table: users (Connection: sqlite, Database: :memory:, SQL: insert into \"users\" (\"name\", \"email\", \"email_verified_at\", \"password\", \"remember_token\", \"two_factor_secret\", \"two_factor_recovery_codes\", \"two_factor_confirmed_at\", \"updated_at\", \"created_at\") values (Don Abbott, odell.hamill@example.com, ?, $2y$04$TsOGGuUzSH6IhNTpM5ckHeVfpcHqDUm1bQmlMbM9OAk92xBEPUJ2i, YMTXQmZ6W7, ?, ?, ?, 2026-06-11 17:35:43, 2026-06-11 17:35:43))"},{"test":"P\\Tests\\Feature\\Auth\\EmailVerificationTest::__pest_evaluable_email_can_be_verified","file":"3\\pss_newsite\\vendor\\laravel\\framework\\src\\Illuminate\\Database\\Connection.php","line":581,"message":"SQLSTATE[HY000]: General error: 1 no such table: users (Connection: sqlite, Database: :memory:, SQL: insert into \"users\" (\"name\", \"email\", \"email_verified_at\", \"password\", \"remember_token\", \"two_factor_secret\", \"two_factor_recovery_codes\", \"two_factor_confirmed_at\", \"updated_at\", \"created_at\") values (Jillian Mosciski, fhauck@example.org, ?, $2y$04$TsOGGuUzSH6IhNTpM5ckHeVfpcHqDUm1bQmlMbM9OAk92xBEPUJ2i, PLrqVtg7SU, ?, ?, ?, 2026-06-11 17:35:43, 2026-06-11 17:35:43))"},{"test":"P\\Tests\\Feature\\Auth\\EmailVerificationTest::__pest_evaluable_email_is_not_verified_with_invalid_hash","file":"3\\pss_newsite\\vendor\\laravel\\framework\\src\\Illuminate\\Database\\Connection.php","line":581,"message":"SQLSTATE[HY000]: General error: 1 no such table: users (Connection: sqlite, Database: :memory:, SQL: insert into \"users\" (\"name\", \"email\", \"email_verified_at\", \"password\", \"remember_token\", \"two_factor_secret\", \"two_factor_recovery_codes\", \"two_factor_confirmed_at\", \"updated_at\", \"created_at\") values (Merl McClure, greta11@example.net, ?, $2y$04$TsOGGuUzSH6IhNTpM5ckHeVfpcHqDUm1bQmlMbM9OAk92xBEPUJ2i, dK1AW18kvB, ?, ?, ?, 2026-06-11 17:35:43, 2026-06-11 17:35:43))"},{"test":"P\\Tests\\Feature\\Auth\\EmailVerificationTest::__pest_evaluable_email_is_not_verified_with_invalid_user_id","file":"3\\pss_newsite\\vendor\\laravel\\framework\\src\\Illuminate\\Database\\Connection.php","line":581,"message":"SQLSTATE[HY000]: General error: 1 no such table: users (Connection: sqlite, Database: :memory:, SQL: insert into \"users\" (\"name\", \"email\", \"email_verified_at\", \"password\", \"remember_token\", \"two_factor_secret\", \"two_factor_recovery_codes\", \"two_factor_confirmed_at\", \"updated_at\", \"created_at\") values (Miss Mollie Romaguera, verner.rowe@example.org, ?, $2y$04$TsOGGuUzSH6IhNTpM5ckHeVfpcHqDUm1bQmlMbM9OAk92xBEPUJ2i, eAsDrJC0mq, ?, ?, ?, 2026-06-11 17:35:43, 2026-06-11 17:35:43))"},{"test":"P\\Tests\\Feature\\Auth\\EmailVerificationTest::__pest_evaluable_verified_user_is_redirected_to_dashboard_from_verification_prompt","file":"3\\pss_newsite\\vendor\\laravel\\framework\\src\\Illuminate\\Database\\Connection.php","line":581,"message":"SQLSTATE[HY000]: General error: 1 no such table: users (Connection: sqlite, Database: :memory:, SQL: insert into \"users\" (\"name\", \"email\", \"email_verified_at\", \"password\", \"remember_token\", \"two_factor_secret\", \"two_factor_recovery_codes\", \"two_factor_confirmed_at\", \"updated_at\", \"created_at\") values (Carmine Becker I, magdalena.stark@example.com, 2026-06-11 17:35:43, $2y$04$TsOGGuUzSH6IhNTpM5ckHeVfpcHqDUm1bQmlMbM9OAk92xBEPUJ2i, IQnFqzZeur, ?, ?, ?, 2026-06-11 17:35:43, 2026-06-11 17:35:43))"},{"test":"P\\Tests\\Feature\\Auth\\EmailVerificationTest::__pest_evaluable_already_verified_user_visiting_verification_link_is_redirected_without_firing_event_again","file":"3\\pss_newsite\\vendor\\laravel\\framework\\src\\Illuminate\\Database\\Connection.php","line":581,"message":"SQLSTATE[HY000]: General error: 1 no such table: users (Connection: sqlite, Database: :memory:, SQL: insert into \"users\" (\"name\", \"email\", \"email_verified_at\", \"password\", \"remember_token\", \"two_factor_secret\", \"two_factor_recovery_codes\", \"two_factor_confirmed_at\", \"updated_at\", \"created_at\") values (Isaias Fahey, hodkiewicz.patrick@example.com, 2026-06-11 17:35:43, $2y$04$TsOGGuUzSH6IhNTpM5ckHeVfpcHqDUm1bQmlMbM9OAk92xBEPUJ2i, sFMzmI1qhL, ?, ?, ?, 2026-06-11 17:35:43, 2026-06-11 17:35:43))"},{"test":"P\\Tests\\Feature\\Auth\\PasswordConfirmationTest::__pest_evaluable_confirm_password_screen_can_be_rendered","file":"3\\pss_newsite\\vendor\\laravel\\framework\\src\\Illuminate\\Database\\Connection.php","line":581,"message":"SQLSTATE[HY000]: General error: 1 no such table: users (Connection: sqlite, Database: :memory:, SQL: insert into \"users\" (\"name\", \"email\", \"email_verified_at\", \"password\", \"remember_token\", \"two_factor_secret\", \"two_factor_recovery_codes\", \"two_factor_confirmed_at\", \"updated_at\", \"created_at\") values (Lydia Breitenberg, wintheiser.vidal@example.net, 2026-06-11 17:35:43, $2y$04$TsOGGuUzSH6IhNTpM5ckHeVfpcHqDUm1bQmlMbM9OAk92xBEPUJ2i, 6WNSoypEQh, ?, ?, ?, 2026-06-11 17:35:43, 2026-06-11 17:35:43))"},{"test":"P\\Tests\\Feature\\Auth\\PasswordResetTest::__pest_evaluable_reset_password_link_can_be_requested","file":"3\\pss_newsite\\vendor\\laravel\\framework\\src\\Illuminate\\Database\\Connection.php","line":581,"message":"SQLSTATE[HY000]: General error: 1 no such table: users (Connection: sqlite, Database: :memory:, SQL: insert into \"users\" (\"name\", \"email\", \"email_verified_at\", \"password\", \"remember_token\", \"two_factor_secret\", \"two_factor_recovery_codes\", \"two_factor_confirmed_at\", \"updated_at\", \"created_at\") values (Prof. Marina Armstrong DDS, johns.shaniya@example.org, 2026-06-11 17:35:43, $2y$04$TsOGGuUzSH6IhNTpM5ckHeVfpcHqDUm1bQmlMbM9OAk92xBEPUJ2i, ryOgbeWCn8, ?, ?, ?, 2026-06-11 17:35:43, 2026-06-11 17:35:43))"},{"test":"P\\Tests\\Feature\\Auth\\PasswordResetTest::__pest_evaluable_reset_password_screen_can_be_rendered","file":"3\\pss_newsite\\vendor\\laravel\\framework\\src\\Illuminate\\Database\\Connection.php","line":581,"message":"SQLSTATE[HY000]: General error: 1 no such table: users (Connection: sqlite, Database: :memory:, SQL: insert into \"users\" (\"name\", \"email\", \"email_verified_at\", \"password\", \"remember_token\", \"two_factor_secret\", \"two_factor_recovery_codes\", \"two_factor_confirmed_at\", \"updated_at\", \"created_at\") values (Dr. Mariano Jast Sr., savanna60@example.org, 2026-06-11 17:35:43, $2y$04$TsOGGuUzSH6IhNTpM5ckHeVfpcHqDUm1bQmlMbM9OAk92xBEPUJ2i, EaePNzTAyS, ?, ?, ?, 2026-06-11 17:35:43, 2026-06-11 17:35:43))"},{"test":"P\\Tests\\Feature\\Auth\\PasswordResetTest::__pest_evaluable_password_can_be_reset_with_valid_token","file":"3\\pss_newsite\\vendor\\laravel\\framework\\src\\Illuminate\\Database\\Connection.php","line":581,"message":"SQLSTATE[HY000]: General error: 1 no such table: users (Connection: sqlite, Database: :memory:, SQL: insert into \"users\" (\"name\", \"email\", \"email_verified_at\", \"password\", \"remember_token\", \"two_factor_secret\", \"two_factor_recovery_codes\", \"two_factor_confirmed_at\", \"updated_at\", \"created_at\") values (Barbara White, nkrajcik@example.net, 2026-06-11 17:35:43, $2y$04$TsOGGuUzSH6IhNTpM5ckHeVfpcHqDUm1bQmlMbM9OAk92xBEPUJ2i, rhC4hMYcL9, ?, ?, ?, 2026-06-11 17:35:43, 2026-06-11 17:35:43))"},{"test":"P\\Tests\\Feature\\Auth\\PasswordResetTest::__pest_evaluable_password_cannot_be_reset_with_invalid_token","file":"3\\pss_newsite\\vendor\\laravel\\framework\\src\\Illuminate\\Database\\Connection.php","line":581,"message":"SQLSTATE[HY000]: General error: 1 no such table: users (Connection: sqlite, Database: :memory:, SQL: insert into \"users\" (\"name\", \"email\", \"email_verified_at\", \"password\", \"remember_token\", \"two_factor_secret\", \"two_factor_recovery_codes\", \"two_factor_confirmed_at\", \"updated_at\", \"created_at\") values (Beryl Connelly, imetz@example.org, 2026-06-11 17:35:43, $2y$04$TsOGGuUzSH6IhNTpM5ckHeVfpcHqDUm1bQmlMbM9OAk92xBEPUJ2i, 6s0dwYEvzP, ?, ?, ?, 2026-06-11 17:35:43, 2026-06-11 17:35:43))"},{"test":"P\\Tests\\Feature\\Auth\\TwoFactorChallengeTest::__pest_evaluable_two_factor_challenge_can_be_rendered","file":"3\\pss_newsite\\vendor\\laravel\\framework\\src\\Illuminate\\Database\\Connection.php","line":581,"message":"SQLSTATE[HY000]: General error: 1 no such table: users (Connection: sqlite, Database: :memory:, SQL: insert into \"users\" (\"name\", \"email\", \"email_verified_at\", \"password\", \"remember_token\", \"two_factor_secret\", \"two_factor_recovery_codes\", \"two_factor_confirmed_at\", \"updated_at\", \"created_at\") values (Dr. Alan Lemke Sr., jillian91@example.org, 2026-06-11 17:35:44, $2y$04$TsOGGuUzSH6IhNTpM5ckHeVfpcHqDUm1bQmlMbM9OAk92xBEPUJ2i, HlQ4FpO8km, ?, ?, ?, 2026-06-11 17:35:44, 2026-06-11 17:35:44))"},{"test":"P\\Tests\\Feature\\Auth\\VerificationNotificationTest::__pest_evaluable_sends_verification_notification","file":"3\\pss_newsite\\vendor\\laravel\\framework\\src\\Illuminate\\Database\\Connection.php","line":581,"message":"SQLSTATE[HY000]: General error: 1 no such table: users (Connection: sqlite, Database: :memory:, SQL: insert into \"users\" (\"name\", \"email\", \"email_verified_at\", \"password\", \"remember_token\", \"two_factor_secret\", \"two_factor_recovery_codes\", \"two_factor_confirmed_at\", \"updated_at\", \"created_at\") values (Shanel O'Connell, deangelo67@example.com, ?, $2y$04$TsOGGuUzSH6IhNTpM5ckHeVfpcHqDUm1bQmlMbM9OAk92xBEPUJ2i, hvfUhwYxBG, ?, ?, ?, 2026-06-11 17:35:44, 2026-06-11 17:35:44))"},{"test":"P\\Tests\\Feature\\Auth\\VerificationNotificationTest::__pest_evaluable_does_not_send_verification_notification_if_email_is_verified","file":"3\\pss_newsite\\vendor\\laravel\\framework\\src\\Illuminate\\Database\\Connection.php","line":581,"message":"SQLSTATE[HY000]: General error: 1 no such table: users (Connection: sqlite, Database: :memory:, SQL: insert into \"users\" (\"name\", \"email\", \"email_verified_at\", \"password\", \"remember_token\", \"two_factor_secret\", \"two_factor_recovery_codes\", \"two_factor_confirmed_at\", \"updated_at\", \"created_at\") values (Lysanne Morissette, collins.eileen@example.net, 2026-06-11 17:35:44, $2y$04$TsOGGuUzSH6IhNTpM5ckHeVfpcHqDUm1bQmlMbM9OAk92xBEPUJ2i, pyLKxvj60h, ?, ?, ?, 2026-06-11 17:35:44, 2026-06-11 17:35:44))"},{"test":"P\\Tests\\Feature\\DashboardTest::__pest_evaluable_authenticated_users_can_visit_the_dashboard","file":"3\\pss_newsite\\vendor\\laravel\\framework\\src\\Illuminate\\Database\\Connection.php","line":581,"message":"SQLSTATE[HY000]: General error: 1 no such table: users (Connection: sqlite, Database: :memory:, SQL: insert into \"users\" (\"name\", \"email\", \"email_verified_at\", \"password\", \"remember_token\", \"two_factor_secret\", \"two_factor_recovery_codes\", \"two_factor_confirmed_at\", \"updated_at\", \"created_at\") values (Ms. Neoma Mante, bradford50@example.net, 2026-06-11 17:35:44, $2y$04$TsOGGuUzSH6IhNTpM5ckHeVfpcHqDUm1bQmlMbM9OAk92xBEPUJ2i, O2z4yBNWhy, ?, ?, ?, 2026-06-11 17:35:44, 2026-06-11 17:35:44))"},{"test":"P\\Tests\\Feature\\Settings\\ProfileUpdateTest::__pest_evaluable_profile_page_is_displayed","file":"3\\pss_newsite\\vendor\\laravel\\framework\\src\\Illuminate\\Database\\Connection.php","line":581,"message":"SQLSTATE[HY000]: General error: 1 no such table: users (Connection: sqlite, Database: :memory:, SQL: insert into \"users\" (\"name\", \"email\", \"email_verified_at\", \"password\", \"remember_token\", \"two_factor_secret\", \"two_factor_recovery_codes\", \"two_factor_confirmed_at\", \"updated_at\", \"created_at\") values (Gerson Williamson, gprosacco@example.net, 2026-06-11 17:35:44, $2y$04$TsOGGuUzSH6IhNTpM5ckHeVfpcHqDUm1bQmlMbM9OAk92xBEPUJ2i, MGEABMXCtW, ?, ?, ?, 2026-06-11 17:35:44, 2026-06-11 17:35:44))"},{"test":"P\\Tests\\Feature\\Settings\\ProfileUpdateTest::__pest_evaluable_profile_information_can_be_updated","file":"3\\pss_newsite\\vendor\\laravel\\framework\\src\\Illuminate\\Database\\Connection.php","line":581,"message":"SQLSTATE[HY000]: General error: 1 no such table: users (Connection: sqlite, Database: :memory:, SQL: insert into \"users\" (\"name\", \"email\", \"email_verified_at\", \"password\", \"remember_token\", \"two_factor_secret\", \"two_factor_recovery_codes\", \"two_factor_confirmed_at\", \"updated_at\", \"created_at\") values (Hertha Bartell, douglas.florida@example.net, 2026-06-11 17:35:44, $2y$04$TsOGGuUzSH6IhNTpM5ckHeVfpcHqDUm1bQmlMbM9OAk92xBEPUJ2i, m0QZwPPzvK, ?, ?, ?, 2026-06-11 17:35:44, 2026-06-11 17:35:44))"},{"test":"P\\Tests\\Feature\\Settings\\ProfileUpdateTest::__pest_evaluable_email_verification_status_is_unchanged_when_the_email_address_is_unchanged","file":"3\\pss_newsite\\vendor\\laravel\\framework\\src\\Illuminate\\Database\\Connection.php","line":581,"message":"SQLSTATE[HY000]: General error: 1 no such table: users (Connection: sqlite, Database: :memory:, SQL: insert into \"users\" (\"name\", \"email\", \"email_verified_at\", \"password\", \"remember_token\", \"two_factor_secret\", \"two_factor_recovery_codes\", \"two_factor_confirmed_at\", \"updated_at\", \"created_at\") values (Mrs. Mara Windler, mattie29@example.org, 2026-06-11 17:35:44, $2y$04$TsOGGuUzSH6IhNTpM5ckHeVfpcHqDUm1bQmlMbM9OAk92xBEPUJ2i, aFm9gBWwN0, ?, ?, ?, 2026-06-11 17:35:44, 2026-06-11 17:35:44))"},{"test":"P\\Tests\\Feature\\Settings\\ProfileUpdateTest::__pest_evaluable_user_can_delete_their_account","file":"3\\pss_newsite\\vendor\\laravel\\framework\\src\\Illuminate\\Database\\Connection.php","line":581,"message":"SQLSTATE[HY000]: General error: 1 no such table: users (Connection: sqlite, Database: :memory:, SQL: insert into \"users\" (\"name\", \"email\", \"email_verified_at\", \"password\", \"remember_token\", \"two_factor_secret\", \"two_factor_recovery_codes\", \"two_factor_confirmed_at\", \"updated_at\", \"created_at\") values (Hertha Kassulke, kevin00@example.org, 2026-06-11 17:35:44, $2y$04$TsOGGuUzSH6IhNTpM5ckHeVfpcHqDUm1bQmlMbM9OAk92xBEPUJ2i, seA4BWM1QI, ?, ?, ?, 2026-06-11 17:35:44, 2026-06-11 17:35:44))"},{"test":"P\\Tests\\Feature\\Settings\\ProfileUpdateTest::__pest_evaluable_correct_password_must_be_provided_to_delete_account","file":"3\\pss_newsite\\vendor\\laravel\\framework\\src\\Illuminate\\Database\\Connection.php","line":581,"message":"SQLSTATE[HY000]: General error: 1 no such table: users (Connection: sqlite, Database: :memory:, SQL: insert into \"users\" (\"name\", \"email\", \"email_verified_at\", \"password\", \"remember_token\", \"two_factor_secret\", \"two_factor_recovery_codes\", \"two_factor_confirmed_at\", \"updated_at\", \"created_at\") values (Prof. Kennedy Hahn, ozieme@example.net, 2026-06-11 17:35:44, $2y$04$TsOGGuUzSH6IhNTpM5ckHeVfpcHqDUm1bQmlMbM9OAk92xBEPUJ2i, 9q45E43pWM, ?, ?, ?, 2026-06-11 17:35:44, 2026-06-11 17:35:44))"},{"test":"P\\Tests\\Feature\\Settings\\SecurityTest::__pest_evaluable_security_page_is_displayed","file":"3\\pss_newsite\\vendor\\laravel\\framework\\src\\Illuminate\\Database\\Connection.php","line":581,"message":"SQLSTATE[HY000]: General error: 1 no such table: users (Connection: sqlite, Database: :memory:, SQL: insert into \"users\" (\"name\", \"email\", \"email_verified_at\", \"password\", \"remember_token\", \"two_factor_secret\", \"two_factor_recovery_codes\", \"two_factor_confirmed_at\", \"updated_at\", \"created_at\") values (Lucius Green, anderson.devante@example.com, 2026-06-11 17:35:44, $2y$04$TsOGGuUzSH6IhNTpM5ckHeVfpcHqDUm1bQmlMbM9OAk92xBEPUJ2i, IyIBrZQU1f, ?, ?, ?, 2026-06-11 17:35:44, 2026-06-11 17:35:44))"},{"test":"P\\Tests\\Feature\\Settings\\SecurityTest::__pest_evaluable_security_page_requires_password_confirmation_when_enabled","file":"3\\pss_newsite\\vendor\\laravel\\framework\\src\\Illuminate\\Database\\Connection.php","line":581,"message":"SQLSTATE[HY000]: General error: 1 no such table: users (Connection: sqlite, Database: :memory:, SQL: insert into \"users\" (\"name\", \"email\", \"email_verified_at\", \"password\", \"remember_token\", \"two_factor_secret\", \"two_factor_recovery_codes\", \"two_factor_confirmed_at\", \"updated_at\", \"created_at\") values (Moriah Zulauf, langosh.mara@example.net, 2026-06-11 17:35:44, $2y$04$TsOGGuUzSH6IhNTpM5ckHeVfpcHqDUm1bQmlMbM9OAk92xBEPUJ2i, NnCfCXjGjG, ?, ?, ?, 2026-06-11 17:35:44, 2026-06-11 17:35:44))"},{"test":"P\\Tests\\Feature\\Settings\\SecurityTest::__pest_evaluable_security_page_does_not_require_password_confirmation_when_disabled","file":"3\\pss_newsite\\vendor\\laravel\\framework\\src\\Illuminate\\Database\\Connection.php","line":581,"message":"SQLSTATE[HY000]: General error: 1 no such table: users (Connection: sqlite, Database: :memory:, SQL: insert into \"users\" (\"name\", \"email\", \"email_verified_at\", \"password\", \"remember_token\", \"two_factor_secret\", \"two_factor_recovery_codes\", \"two_factor_confirmed_at\", \"updated_at\", \"created_at\") values (Ivy DuBuque, schaden.alanis@example.org, 2026-06-11 17:35:44, $2y$04$TsOGGuUzSH6IhNTpM5ckHeVfpcHqDUm1bQmlMbM9OAk92xBEPUJ2i, 09hCViYgp0, ?, ?, ?, 2026-06-11 17:35:44, 2026-06-11 17:35:44))"},{"test":"P\\Tests\\Feature\\Settings\\SecurityTest::__pest_evaluable_security_page_renders_without_two_factor_when_feature_is_disabled","file":"3\\pss_newsite\\vendor\\laravel\\framework\\src\\Illuminate\\Database\\Connection.php","line":581,"message":"SQLSTATE[HY000]: General error: 1 no such table: users (Connection: sqlite, Database: :memory:, SQL: insert into \"users\" (\"name\", \"email\", \"email_verified_at\", \"password\", \"remember_token\", \"two_factor_secret\", \"two_factor_recovery_codes\", \"two_factor_confirmed_at\", \"updated_at\", \"created_at\") values (Oswaldo Leuschke, noel.cassin@example.org, 2026-06-11 17:35:44, $2y$04$TsOGGuUzSH6IhNTpM5ckHeVfpcHqDUm1bQmlMbM9OAk92xBEPUJ2i, byZd9T1MsA, ?, ?, ?, 2026-06-11 17:35:44, 2026-06-11 17:35:44))"},{"test":"P\\Tests\\Feature\\Settings\\SecurityTest::__pest_evaluable_password_can_be_updated","file":"3\\pss_newsite\\vendor\\laravel\\framework\\src\\Illuminate\\Database\\Connection.php","line":581,"message":"SQLSTATE[HY000]: General error: 1 no such table: users (Connection: sqlite, Database: :memory:, SQL: insert into \"users\" (\"name\", \"email\", \"email_verified_at\", \"password\", \"remember_token\", \"two_factor_secret\", \"two_factor_recovery_codes\", \"two_factor_confirmed_at\", \"updated_at\", \"created_at\") values (Mrs. Everette Rowe, tomas41@example.com, 2026-06-11 17:35:44, $2y$04$TsOGGuUzSH6IhNTpM5ckHeVfpcHqDUm1bQmlMbM9OAk92xBEPUJ2i, M4JM3j8m7K, ?, ?, ?, 2026-06-11 17:35:44, 2026-06-11 17:35:44))"},{"test":"P\\Tests\\Feature\\Settings\\SecurityTest::__pest_evaluable_correct_password_must_be_provided_to_update_password","file":"3\\pss_newsite\\vendor\\laravel\\framework\\src\\Illuminate\\Database\\Connection.php","line":581,"message":"SQLSTATE[HY000]: General error: 1 no such table: users (Connection: sqlite, Database: :memory:, SQL: insert into \"users\" (\"name\", \"email\", \"email_verified_at\", \"password\", \"remember_token\", \"two_factor_secret\", \"two_factor_recovery_codes\", \"two_factor_confirmed_at\", \"updated_at\", \"created_at\") values (Braden Tremblay, ubaldo.gottlieb@example.com, 2026-06-11 17:35:44, $2y$04$TsOGGuUzSH6IhNTpM5ckHeVfpcHqDUm1bQmlMbM9OAk92xBEPUJ2i, msMkqK5cOS, ?, ?, ?, 2026-06-11 17:35:44, 2026-06-11 17:35:44))"}]}
